******************************************************************************
                  TI ARM Linker Unix v15.12.3                  
******************************************************************************
>> Linked Mon Oct 31 20:44:43 2016

OUTPUT FILE NAME:   <Tempus.out>
ENTRY POINT SYMBOL: "ResetISR"  address: 00005f31


MEMORY CONFIGURATION

         name            origin    length      used     unused   attr    fill
----------------------  --------  ---------  --------  --------  ----  --------
  FLASH                 00000000   00020000  000065a4  00019a5c  R  X
  SRAM                  20000000   00005000  00001681  0000397f  RW X


SEGMENT ALLOCATION MAP

run origin  load origin   length   init length attrs members
----------  ----------- ---------- ----------- ----- -------
00000000    00000000    000006c4   000006c4    r--
  00000000    00000000    0000003c   0000003c    r-- .resetVecs
  0000003c    0000003c    00000260   00000260    r-- .const
  0000029c    0000029c    00000008   00000008    r-- .init_array
  000002a8    000002a8    0000041c   0000041c    r-- .cinit
00001000    00001000    00005e98   00005e98    r-x
  00001000    00001000    0000003c   0000003c    r-- .const:ti_sysbios_knl_Task_Object__PARAMS__C
  0000103c    0000103c    00000034   00000034    r-- .const:ti_sysbios_knl_Mailbox_Object__PARAMS__C
  00001070    00001070    00000030   00000030    r-- .const:ti_sysbios_family_arm_m3_Hwi_Object__PARAMS__C
  000010a0    000010a0    0000002c   0000002c    r-- .const:ti_sysbios_hal_Hwi_Object__PARAMS__C
  000010cc    000010cc    00000028   00000028    r-- .const:ti_sysbios_heaps_HeapMem_Module__FXNS__C
  000010f4    000010f4    00000028   00000028    r-- .const:ti_sysbios_knl_Swi_Object__PARAMS__C
  0000111c    0000111c    00000024   00000024    r-- .const:ti_sysbios_gates_GateHwi_Module__FXNS__C
  00001140    00001140    00000024   00000024    r-- .const:ti_sysbios_gates_GateMutex_Module__FXNS__C
  00001164    00001164    00000024   00000024    r-- .const:ti_sysbios_heaps_HeapMem_Object__PARAMS__C
  00001188    00001188    00000024   00000024    r-- .const:ti_sysbios_knl_Clock_Object__PARAMS__C
  000011ac    000011ac    00000024   00000024    r-- .const:ti_sysbios_knl_Semaphore_Object__PARAMS__C
  000011d0    000011d0    00000020   00000020    r-- .const:ti_sysbios_family_arm_m3_Hwi_Object__DESC__C
  000011f0    000011f0    00000020   00000020    r-- .const:ti_sysbios_gates_GateHwi_Object__DESC__C
  00001210    00001210    00000020   00000020    r-- .const:ti_sysbios_gates_GateMutex_Object__DESC__C
  00001230    00001230    00000020   00000020    r-- .const:ti_sysbios_hal_Hwi_Object__DESC__C
  00001250    00001250    00000020   00000020    r-- .const:ti_sysbios_heaps_HeapMem_Object__DESC__C
  00001270    00001270    00000020   00000020    r-- .const:ti_sysbios_knl_Clock_Object__DESC__C
  00001290    00001290    00000020   00000020    r-- .const:ti_sysbios_knl_Mailbox_Object__DESC__C
  000012b0    000012b0    00000020   00000020    r-- .const:ti_sysbios_knl_Queue_Object__DESC__C
  000012d0    000012d0    00000020   00000020    r-- .const:ti_sysbios_knl_Semaphore_Object__DESC__C
  000012f0    000012f0    00000020   00000020    r-- .const:ti_sysbios_knl_Swi_Object__DESC__C
  00001310    00001310    00000020   00000020    r-- .const:ti_sysbios_knl_Task_Object__DESC__C
  00001330    00001330    00000018   00000018    r-- .const:ti_sysbios_gates_GateHwi_Object__PARAMS__C
  00001348    00001348    00000018   00000018    r-- .const:ti_sysbios_gates_GateMutex_Object__PARAMS__C
  00001360    00001360    00000018   00000018    r-- .const:ti_sysbios_knl_Queue_Object__PARAMS__C
  00001378    00001378    00000008   00000008    r-- .const:ti_sysbios_knl_Idle_funcList__C
  00001384    00001384    00000004   00000004    r-- .const:ti_sysbios_family_arm_cc26xx_Timer_startupNeeded__C
  00001388    00001388    00000004   00000004    r-- .const:ti_sysbios_family_arm_m3_Hwi_E_alreadyDefined__C
  0000138c    0000138c    00000004   00000004    r-- .const:ti_sysbios_family_arm_m3_Hwi_E_hwiLimitExceeded__C
  00001390    00001390    00000004   00000004    r-- .const:ti_sysbios_family_arm_m3_Hwi_NUM_INTERRUPTS__C
  00001394    00001394    00000004   00000004    r-- .const:ti_sysbios_family_arm_m3_Hwi_Object__count__C
  00001398    00001398    00000004   00000004    r-- .const:ti_sysbios_family_arm_m3_Hwi_Object__table__C
  0000139c    0000139c    00000004   00000004    r-- .const:ti_sysbios_family_arm_m3_Hwi_ccr__C
  000013a0    000013a0    00000004   00000004    r-- .const:ti_sysbios_family_arm_m3_Hwi_excHandlerFunc__C
  000013a4    000013a4    00000004   00000004    r-- .const:ti_sysbios_family_arm_m3_Hwi_nullIsrFunc__C
  000013a8    000013a8    00000004   00000004    r-- .const:ti_sysbios_family_arm_m3_Hwi_numSparseInterrupts__C
  000013ac    000013ac    00000004   00000004    r-- .const:ti_sysbios_family_arm_m3_Hwi_priGroup__C
  000013b0    000013b0    00000004   00000004    r-- .const:ti_sysbios_family_arm_m3_TaskSupport_stackAlignment__C
  000013b4    000013b4    00000004   00000004    r-- .const:ti_sysbios_heaps_HeapMem_E_memory__C
  000013b8    000013b8    00000004   00000004    r-- .const:ti_sysbios_heaps_HeapMem_Module__gateObj__C
  000013bc    000013bc    00000004   00000004    r-- .const:ti_sysbios_heaps_HeapMem_Object__count__C
  000013c0    000013c0    00000004   00000004    r-- .const:ti_sysbios_heaps_HeapMem_Object__table__C
  000013c4    000013c4    00000004   00000004    r-- .const:ti_sysbios_heaps_HeapMem_reqAlign__C
  000013c8    000013c8    00000004   00000004    r-- .const:ti_sysbios_knl_Clock_serviceMargin__C
  000013cc    000013cc    00000004   00000004    r-- .const:ti_sysbios_knl_Mailbox_Object__count__C
  000013d0    000013d0    00000004   00000004    r-- .const:ti_sysbios_knl_Mailbox_Object__table__C
  000013d4    000013d4    00000004   00000004    r-- .const:ti_sysbios_knl_Mailbox_maxTypeAlign__C
  000013d8    000013d8    00000004   00000004    r-- .const:ti_sysbios_knl_Queue_Object__count__C
  000013dc    000013dc    00000004   00000004    r-- .const:ti_sysbios_knl_Queue_Object__table__C
  000013e0    000013e0    00000004   00000004    r-- .const:ti_sysbios_knl_Swi_Object__count__C
  000013e4    000013e4    00000004   00000004    r-- .const:ti_sysbios_knl_Swi_Object__table__C
  000013e8    000013e8    00000004   00000004    r-- .const:ti_sysbios_knl_Swi_numPriorities__C
  000013ec    000013ec    00000004   00000004    r-- .const:ti_sysbios_knl_Task_Object__count__C
  000013f0    000013f0    00000004   00000004    r-- .const:ti_sysbios_knl_Task_Object__table__C
  000013f4    000013f4    00000004   00000004    r-- .const:ti_sysbios_knl_Task_allBlockedFunc__C
  000013f8    000013f8    00000004   00000004    r-- .const:ti_sysbios_knl_Task_defaultStackHeap__C
  000013fc    000013fc    00000004   00000004    r-- .const:ti_sysbios_knl_Task_defaultStackSize__C
  00001400    00001400    00000004   00000004    r-- .const:ti_sysbios_knl_Task_numConstructedTasks__C
  00001406    00001406    00000002   00000002    r-- .const:ti_sysbios_family_arm_cc26xx_Timer_Module__id__C
  00001408    00001408    00000002   00000002    r-- .const:ti_sysbios_family_arm_cc26xx_TimestampProvider_useClockTimer__C
  0000140a    0000140a    00000002   00000002    r-- .const:ti_sysbios_family_arm_m3_Hwi_Module__id__C
  0000140c    0000140c    00000002   00000002    r-- .const:ti_sysbios_gates_GateHwi_Module__id__C
  0000140e    0000140e    00000002   00000002    r-- .const:ti_sysbios_gates_GateMutex_Module__id__C
  00001410    00001410    00000002   00000002    r-- .const:ti_sysbios_heaps_HeapMem_Module__id__C
  00001412    00001412    00000002   00000002    r-- .const:ti_sysbios_knl_Task_initStackFlag__C
  00001414    00001414    00000001   00000001    r-- .const:ti_sysbios_knl_Clock_tickMode__C
  00001418    00001418    00000008   00000008    r-- .const:xdc_runtime_Startup_firstFxns__C
  00001420    00001420    00000008   00000008    r-- .const:xdc_runtime_Startup_lastFxns__C
  00001428    00001428    00000004   00000004    r-- .const:xdc_runtime_Assert_E_assertFailed__C
  0000142c    0000142c    00000004   00000004    r-- .const:xdc_runtime_Error_E_memory__C
  00001430    00001430    00000004   00000004    r-- .const:xdc_runtime_Error_policyFxn__C
  00001434    00001434    00000004   00000004    r-- .const:xdc_runtime_IGateProvider_Interface__BASE__C
  00001438    00001438    00000004   00000004    r-- .const:xdc_runtime_IHeap_Interface__BASE__C
  0000143c    0000143c    00000004   00000004    r-- .const:xdc_runtime_IModule_Interface__BASE__C
  00001440    00001440    00000004   00000004    r-- .const:xdc_runtime_Main_Module__diagsEnabled__C
  00001444    00001444    00000004   00000004    r-- .const:xdc_runtime_Main_Module__diagsIncluded__C
  00001448    00001448    00000004   00000004    r-- .const:xdc_runtime_Main_Module__diagsMask__C
  0000144c    0000144c    00000004   00000004    r-- .const:xdc_runtime_Memory_defaultHeapInstance__C
  00001450    00001450    00000004   00000004    r-- .const:xdc_runtime_Startup_execImpl__C
  00001454    00001454    00000004   00000004    r-- .const:xdc_runtime_Startup_maxPasses__C
  00001458    00001458    00000004   00000004    r-- .const:xdc_runtime_Startup_sfxnRts__C
  0000145c    0000145c    00000004   00000004    r-- .const:xdc_runtime_Startup_sfxnTab__C
  00001460    00001460    00000004   00000004    r-- .const:xdc_runtime_Startup_startModsFxn__C
  00001464    00001464    00000004   00000004    r-- .const:xdc_runtime_SysCallback_abortFxn__C
  00001468    00001468    00000004   00000004    r-- .const:xdc_runtime_SysCallback_exitFxn__C
  0000146c    0000146c    00000004   00000004    r-- .const:xdc_runtime_System_abortFxn__C
  00001470    00001470    00000004   00000004    r-- .const:xdc_runtime_System_exitFxn__C
  00001474    00001474    00000004   00000004    r-- .const:xdc_runtime_System_maxAtexitHandlers__C
  00001478    00001478    00000004   00000004    r-- .const:xdc_runtime_Text_charTab__C
  0000147c    0000147c    00000004   00000004    r-- .const:xdc_runtime_Text_nameEmpty__C
  00001480    00001480    00000004   00000004    r-- .const:xdc_runtime_Text_nameStatic__C
  00001484    00001484    00000004   00000004    r-- .const:xdc_runtime_Text_nameUnknown__C
  00001488    00001488    00000002   00000002    r-- .const:xdc_runtime_Main_Module__id__C
  0000148a    0000148a    00000002   00000002    r-- .const:xdc_runtime_Memory_Module__id__C
  0000148c    0000148c    00000002   00000002    r-- .const:xdc_runtime_Text_charCnt__C
  0000148e    0000148e    00000002   00000002    r-- .const:xdc_runtime_Text_isLoaded__C
  00001490    00001490    00000001   00000001    r-- .const:xdc_runtime_Error_policy__C
  00001494    00001494    00000004   00000004    r-- .const:ti_sysbios_rom_ROM_AONRTCChannelEnable
  00001498    00001498    00000004   00000004    r-- .const:ti_sysbios_rom_ROM_AONRTCCompareValueSet
  0000149c    0000149c    00000004   00000004    r-- .const:ti_sysbios_rom_ROM_AONRTCCurrentCompareValueGet
  000014a0    000014a0    00000004   00000004    r-- .const:ti_sysbios_rom_ROM_AONRTCEventClear
  000014a4    000014a4    00000004   00000004    r-- .const:ti_sysbios_rom_ROM_ti_sysbios_family_arm_cc26xx_Timer_getCount64__E
  000014a8    000014a8    00000004   00000004    r-- .const:ti_sysbios_rom_ROM_ti_sysbios_family_arm_cc26xx_Timer_getCurrentTick__E
  000014ac    000014ac    00000004   00000004    r-- .const:ti_sysbios_rom_ROM_ti_sysbios_family_arm_cc26xx_Timer_getMaxTicks__E
  000014b0    000014b0    00000004   00000004    r-- .const:ti_sysbios_rom_ROM_ti_sysbios_family_arm_cc26xx_Timer_initDevice__I
  000014b4    000014b4    00000004   00000004    r-- .const:ti_sysbios_rom_ROM_ti_sysbios_family_arm_cc26xx_Timer_setNextTick__E
  000014b8    000014b8    00000004   00000004    r-- .const:ti_sysbios_rom_ROM_ti_sysbios_family_arm_cc26xx_Timer_setThreshold__I
  000014bc    000014bc    00000004   00000004    r-- .const:ti_sysbios_rom_ROM_ti_sysbios_family_arm_cc26xx_Timer_start__E
  000014c0    000014c0    00000004   00000004    r-- .const:ti_sysbios_rom_ROM_ti_sysbios_family_arm_cc26xx_TimestampProvider_get32__E
  000014c4    000014c4    00000004   00000004    r-- .const:ti_sysbios_rom_ROM_xdc_runtime_Startup_getState__I
  000014c8    000014c8    00000004   00000004    r-- .const:ti_sysbios_rom_ROM_xdc_runtime_System_SupportProxy_abort__E
  000014cc    000014cc    00000004   00000004    r-- .const:ti_sysbios_rom_ROM_xdc_runtime_System_SupportProxy_exit__E
  000014d0    000014d0    00000004   00000004    r-- .const:ti_sysbios_gates_GateMutex_Instance_State_sem__O
  000014d4    000014d4    00000004   00000004    r-- .const:ti_sysbios_knl_Clock_Module_State_clockQ__O
  000014d8    000014d8    00000004   00000004    r-- .const:ti_sysbios_knl_Mailbox_Instance_State_dataQue__O
  000014dc    000014dc    00000004   00000004    r-- .const:ti_sysbios_knl_Mailbox_Instance_State_dataSem__O
  000014e0    000014e0    00000004   00000004    r-- .const:ti_sysbios_knl_Mailbox_Instance_State_freeQue__O
  000014e4    000014e4    00000004   00000004    r-- .const:ti_sysbios_knl_Mailbox_Instance_State_freeSem__O
  000014e8    000014e8    00000004   00000004    r-- .const:ti_sysbios_knl_Semaphore_Instance_State_pendQ__O
  000014ec    000014ec    00000004   00000004    r-- .const:ti_sysbios_knl_Task_Module_State_inactiveQ__O
  000014f0    000014f0    000059a8   000059a8    r-x .text
0001ffa8    0001ffa8    00000058   00000058    r--
  0001ffa8    0001ffa8    00000058   00000058    r-- .ccfg
20000100    20000100    00000104   00000000    rw-
  20000100    20000100    00000044   00000000    rw- .data:ti_sysbios_knl_Task_Module__state__V
  20000144    20000144    00000034   00000000    rw- .data:ti_sysbios_family_arm_m3_Hwi_Module__state__V
  20000178    20000178    0000002c   00000000    rw- .data:ti_sysbios_knl_Clock_Module__state__V
  200001a4    200001a4    00000024   00000000    rw- .data:ti_sysbios_BIOS_Module__state__V
  200001c8    200001c8    0000001c   00000000    rw- .data:ti_sysbios_knl_Swi_Module__state__V
  200001e4    200001e4    00000008   00000000    rw- .data:ti_sysbios_family_arm_cc26xx_Timer_Module__state__V
  200001ec    200001ec    00000004   00000000    rw- .data:ti_sysbios_family_arm_cc26xx_TimestampProvider_Module__state__V
  200001f0    200001f0    00000008   00000000    rw- .data:xdc_runtime_Startup_Module__state__V
  200001f8    200001f8    00000008   00000000    rw- .data:xdc_runtime_System_Module__state__V
  20000200    20000200    00000004   00000000    rw- .data:xdc_runtime_Memory_Module__state__V
20000430    20000430    00000010   00000000    rw-
  20000430    20000430    00000010   00000000    rw- .TI.bound:dmaSpi0RxControlTableEntry
20000440    20000440    00000010   00000000    rw-
  20000440    20000440    00000010   00000000    rw- .TI.bound:dmaSpi0TxControlTableEntry
20000500    20000500    00000010   00000000    rw-
  20000500    20000500    00000010   00000000    rw- .TI.bound:dmaSpi1RxControlTableEntry
20000510    20000510    00001188   00000000    rw-
  20000510    20000510    00000010   00000000    rw- .TI.bound:dmaSpi1TxControlTableEntry
  20000520    20000520    00000c2d   00000000    rw- .bss
  20001150    20001150    00000548   00000000    rw- .data
20004d00    20004d00    00000300   00000000    rw-
  20004d00    20004d00    00000300   00000000    rw- .stack


SECTION ALLOCATION MAP

 output                                  attributes/
section   page    origin      length       input sections
--------  ----  ----------  ----------   ----------------
.const     0    0000003c    00000260     
                  0000003c    00000054     drivers_cc13xxware.aem3 : SPICC26XXDMA.oem3 (.const)
                  00000090    0000004c                             : PowerCC26XX.oem3 (.const:resourceDB)
                  000000dc    00000048     Tempus_pem3.oem3 (.const:.string)
                  00000124    00000038     CC1350_LAUNCHXL.obj (.const:spiCC26XXDMAHWAttrs)
                  0000015c    00000034     CC1350_LAUNCHXL.obj (.const:BoardGpioInitTable)
                  00000190    00000024     CC1350_LAUNCHXL.obj (.const:SPI_config)
                  000001b4    00000024     Tempus_pem3.oem3 (.const:xdc_runtime_Startup_sfxnTab__A)
                  000001d8    00000020     drivers_cc13xxware.aem3 : SPI.oem3 (.const)
                  000001f8    0000001c     TempusDisplay.obj (.const:.string:_ZZN13TempusDisplay8spiwriteEhEs)
                  00000214    00000013     TempusDisplay.obj (.const:.string:_ZZN13TempusDisplay8spiwriteEhEs_0)
                  00000227    00000001     Tempus_pem3.oem3 (.const:xdc_runtime_Text_charTab__A)
                  00000228    00000012     Tempus_pem3.oem3 (.const:xdc_runtime_Startup_sfxnRts__A)
                  0000023a    00000002     Tempus_pem3.oem3 (.const:xdc_runtime_Text_registryModsLastId__C)
                  0000023c    00000010     CC1350_LAUNCHXL.obj (.const:PowerCC26XX_config)
                  0000024c    00000010     CC1350_LAUNCHXL.obj (.const:UDMACC26XX_config)
                  0000025c    0000000e     TempusDisplay.obj (.const:.string:_ZZN13TempusDisplay8spiwriteEhEs_1)
                  0000026a    00000002     Tempus_pem3.oem3 (.const:xdc_runtime_Text_unnamedModsLastId__C)
                  0000026c    0000000c     Tempus_pem3.oem3 (.const:xdc_runtime_Startup_firstFxns__A)
                  00000278    00000008     CC1350_LAUNCHXL.obj (.const:PINCC26XX_hwAttrs)
                  00000280    00000008     CC1350_LAUNCHXL.obj (.const:udmaHWAttrs)
                  00000288    00000004     Tempus_pem3.oem3 (.const:ti_sysbios_knl_Clock_tickPeriod__C)
                  0000028c    00000004     Tempus_pem3.oem3 (.const:ti_sysbios_knl_Clock_triggerClock__C)
                  00000290    00000004     Tempus_pem3.oem3 (.const:ti_sysbios_knl_Idle_funcList__A)
                  00000294    00000004     Tempus_pem3.oem3 (.const:xdc_runtime_System_extendFxn__C)
                  00000298    00000004     Tempus_pem3.oem3 (.const:xdc_runtime_Text_visitRopeFxn__C)

.text      0    000014f0    000059a8     
                  000014f0    0000038f     TempusDisplay.obj (.text:_ZN13TempusDisplay11initDisplayEh)
                  0000187f    00000001     --HOLE-- [fill = 0]
                  00001880    00000380     rtsv7M3_T_le_eabi.lib : vec_newdel.obj (.text)
                  00001c00    00000338     rom_sysbios.aem3 : rom_sysbios.obj (.text:xdc_runtime_System_doPrint__I)
                  00001f38    00000324     rtsv7M3_T_le_eabi.lib : trgdrv.obj (.text)
                  0000225c    0000030c                           : lowlev.obj (.text)
                  00002568    00000228     driverlib.lib : sys_ctrl.obj (.text:NOROM_SysCtrlSetRechargeBeforePowerDown)
                  00002790    00000228     drivers_cc13xxware.aem3 : PowerCC26XX.oem3 (.text:Power_sleep)
                  000029b8    000001f4     rtsv7M3_T_le_eabi.lib : ull_div_t2.obj (.text)
                  00002bac    000001ec     drivers_cc13xxware.aem3 : PowerCC26XX_calibrateRCOSC.oem3 (.text:calibrateRcoscHf1)
                  00002d98    000001c4                             : PINCC26XX.oem3 (.text:PIN_init)
                  00002f5c    000001c4     rtsv7M3_T_le_eabi.lib : fopen.obj (.text)
                  00003120    000001a0     drivers_cc13xxware.aem3 : PowerCC26XX_calibrateRCOSC.oem3 (.text:PowerCC26XX_doCalibrate)
                  000032c0    0000016c     Tempus.obj (.text:_Z5setupv)
                  0000342c    00000160     drivers_cc13xxware.aem3 : SPICC26XXDMA.oem3 (.text:SPICC26XXDMA_initIO)
                  0000358c    00000148                             : SPICC26XXDMA.oem3 (.text:SPICC26XXDMA_open)
                  000036d4    00000130     driverlib.lib : setup_rom.obj (.text:NOROM_SetupAfterColdResetWakeupFromShutDownCfg3)
                  00003804    0000012c     drivers_cc13xxware.aem3 : PowerCC26XX.oem3 (.text:Power_init)
                  00003930    000000f8     Tempus_pem3.oem3 (.text:xdc_runtime_System_printfExtend__I)
                  00003a28    000000f4     drivers_cc13xxware.aem3 : SPICC26XXDMA.oem3 (.text:SPICC26XXDMA_configDMA)
                  00003b1c    000000f4     rtsv7M3_T_le_eabi.lib : dtor_list.obj (.text)
                  00003c10    000000f0     driverlib.lib : setup_rom.obj (.text:NOROM_SetupAfterColdResetWakeupFromShutDownCfg2)
                  00003d00    000000f0     drivers_cc13xxware.aem3 : SPICC26XXDMA.oem3 (.text:SPICC26XXDMA_transferCancel)
                  00003df0    000000e0                             : PINCC26XX.oem3 (.text:PINCC26XX_setIoCfg)
                  00003ed0    000000dc     rtsv7M3_T_le_eabi.lib : setvbuf.obj (.text)
                  00003fac    000000d4     power_cc13xx_tirtos.aem3 : PowerCC26XX_tirtos.oem3 (.text:PowerCC26XX_standbyPolicy)
                  00004080    000000d4     drivers_cc13xxware.aem3 : PowerCC26XX.oem3 (.text:Power_releaseDependency)
                  00004154    000000d4                             : SPICC26XXDMA.oem3 (.text:SPICC26XXDMA_control)
                  00004228    000000d0                             : PowerCC26XX.oem3 (.text:Power_setDependency)
                  000042f8    000000c8     rtsv7M3_T_le_eabi.lib : fflush.obj (.text)
                  000043c0    000000c0     driverlib.lib : setup.obj (.text:TrimAfterColdResetWakeupFromShutDown)
                  00004480    000000c0     TempusDisplay.obj (.text:_ZN13TempusDisplay9drawPixelEsst)
                  00004540    000000bc     TempusDisplay.obj (.text:_ZN13TempusDisplay8spiwriteEh)
                  000045fc    000000b0     drivers_cc13xxware.aem3 : SPICC26XXDMA.oem3 (.text:SPICC26XXDMA_transfer)
                  000046ac    000000ac     rtsv7M3_T_le_eabi.lib : _io_perm.obj (.text)
                  00004758    000000a8     driverlib.lib : setup.obj (.text:NOROM_SetupTrimDevice)
                  00004800    000000a4                   : setup_rom.obj (.text:NOROM_SetupAfterColdResetWakeupFromShutDownCfg1)
                  000048a4    000000a2     drivers_cc13xxware.aem3 : SPICC26XXDMA.oem3 (.text:SPICC26XXDMA_hwiFxn)
                  00004946    00000002                             : SPICC26XXDMA.oem3 (.text:SPICC26XXDMA_serviceISR)
                  00004948    000000a0     auto_init.aem3 : auto_init.oem3 (.text)
                  000049e8    0000009c     TempusDisplay.obj (.text:_ZN13TempusDisplay13setAddrWindowEhhhh)
                  00004a84    0000009c     rtsv7M3_T_le_eabi.lib : memcpy_t2.obj (.text)
                  00004b20    0000009a     rom_sysbios.aem3 : rom_sysbios.obj (.text:xdc_runtime_Text_putSite__E)
                  00004bba    00000002     drivers_cc13xxware.aem3 : PowerCC26XX.oem3 (.text:emptyClockFunc)
                  00004bbc    00000098     rtsv7M3_T_le_eabi.lib : fclose.obj (.text)
                  00004c54    00000098                           : fputc.obj (.text)
                  00004cec    00000098     rom_sysbios.aem3 : rom_sysbios.obj (.text:ti_sysbios_knl_Clock_workFuncDynamic__E)
                  00004d84    00000098                      : rom_sysbios.obj (.text:xdc_runtime_Text_putMod__E)
                  00004e1c    00000094     drivers_cc13xxware.aem3 : PINCC26XX.oem3 (.text:PIN_open)
                  00004eb0    00000094     TempusDisplay.obj (.text:__sti___17_TempusDisplay_cpp__width)
                  00004f44    00000090     drivers_cc13xxware.aem3 : PowerCC26XX.oem3 (.text:switchXOSCHFclockFunc)
                  00004fd4    0000008c                             : PowerCC26XX.oem3 (.text:disableLFClockQualifiers)
                  00005060    00000088                             : PowerCC26XX_calibrateRCOSC.oem3 (.text:calibrateRcoscHf2)
                  000050e8    0000007a     rtsv7M3_T_le_eabi.lib : memset_t2.obj (.text)
                  00005162    00000002                           : i_div0.obj (.text)
                  00005164    00000074     driverlib.lib : setup_rom.obj (.text:NOROM_SetupSetVddrLevel)
                  000051d8    00000074     drivers_cc13xxware.aem3 : PowerCC26XX_calibrateRCOSC.oem3 (.text:PowerCC26XX_auxISR)
                  0000524c    00000074     TempusDisplay.obj (.text:_ZN13TempusDisplay12writecommandEh)
                  000052c0    00000070     driverlib.lib : chipinfo.obj (.text:NOROM_ChipInfo_GetHwRevision)
                  00005330    0000006d     rom_sysbios.aem3 : rom_sysbios.obj (.text:xdc_runtime_System_formatNum__I)
                  0000539d    00000001     --HOLE-- [fill = 0]
                  0000539e    00000002     rtsv7M3_T_le_eabi.lib : newhandler.obj (.text)
                  000053a0    0000006c     driverlib.lib : setup_rom.obj (.text:NOROM_SetupGetTrimForAmpcompCtrl)
                  0000540c    0000006c     drivers_cc13xxware.aem3 : PINCC26XX.oem3 (.text:PIN_add)
                  00005478    0000006c                             : PowerCC26XX.oem3 (.text:PowerCC26XX_calibrate)
                  000054e4    0000006a     rtsv7M3_T_le_eabi.lib : copy_decompress_rle.obj (.text)
                  0000554e    00000002     rom_sysbios.aem3 : rom_sysbios.obj (.text:ti_sysbios_BIOS_linkedWithIncorrectBootLibrary__E)
                  00005550    00000068     driverlib.lib : setup_rom.obj (.text:NOROM_SetupGetTrimForAnabypassValue1)
                  000055b8    00000068                   : sys_ctrl.obj (.text:NOROM_SysCtrl_DCDC_VoltageConditionalControl)
                  00005620    00000068     Tempus.obj (.text:_Z4loopv)
                  00005688    00000068     rtsv7M3_T_le_eabi.lib : trgmsg.obj (.text)
                  000056f0    00000064     driverlib.lib : osc.obj (.text:NOROM_OSCHF_AttemptToSwitchToXosc)
                  00005754    00000064     rtsv7M3_T_le_eabi.lib : fseek.obj (.text)
                  000057b8    00000064     rom_sysbios.aem3 : rom_sysbios.obj (.text:ti_sysbios_family_arm_cc26xx_Timer_start__E)
                  0000581c    00000060     driverlib.lib : osc.obj (.text:NOROM_OSCClockSourceSet)
                  0000587c    00000060     drivers_cc13xxware.aem3 : PowerCC26XX_calibrateRCOSC.oem3 (.text:PowerCC26XX_RCOSC_clockFunc)
                  000058dc    00000060                             : SPICC26XXDMA.oem3 (.text:SPICC26XXDMA_initHw)
                  0000593c    00000060                             : PowerCC26XX_calibrateRCOSC.oem3 (.text:updateSubSecInc)
                  0000599c    0000005c     driverlib.lib : sys_ctrl.obj (.text:NOROM_SysCtrlAdjustRechargeAfterPowerDown)
                  000059f8    0000005c     drivers_cc13xxware.aem3 : PINCC26XX.oem3 (.text:PIN_remove)
                  00005a54    0000005c                             : UDMACC26XX.oem3 (.text:UDMACC26XX_open)
                  00005ab0    0000005c     Tempus_pem3.oem3 (.text:xdc_runtime_Startup_getState__I)
                  00005b0c    0000005b     rom_sysbios.aem3 : rom_sysbios.obj (.text:xdc_runtime_Text_putLab__E)
                  00005b67    00000001     --HOLE-- [fill = 0]
                  00005b68    0000005a     drivers_cc13xxware.aem3 : SPICC26XXDMA.oem3 (.text:SPICC26XXDMA_close)
                  00005bc2    00000002     Tempus_pem3.oem3 (.text:ti_sysbios_BIOS_nullFunc__I)
                  00005bc4    00000058     drivers_cc13xxware.aem3 : PowerCC26XX_calibrateRCOSC.oem3 (.text:PowerCC26XX_initiateCalibration)
                  00005c1c    00000058     TempusDisplay.obj (.text:_ZN13TempusDisplay9writedataEh)
                  00005c74    00000054     drivers_cc13xxware.aem3 : SPICC26XXDMA.oem3 (.text:SPICC26XXDMA_swiFxn)
                  00005cc8    00000054     TempusDisplay.obj (.text:_ZN13TempusDisplayC1Eaaa)
                  00005d1c    00000054     drivers_cc13xxware.aem3 : PowerCC26XX.oem3 (.text:configureXOSCHF)
                  00005d70    00000050     driverlib.lib : setup_rom.obj (.text:NOROM_SetupSetCacheModeAccordingToCcfgSetting)
                  00005dc0    0000004c     rtsv7M3_T_le_eabi.lib : cpy_tbl.obj (.text)
                  00005e0c    0000004a     ComandListData.obj (.text:_ZN14ComandListDataC1EchPhi)
                  00005e56    00000002     rom_sysbios.aem3 : rom_sysbios.obj (.text:ti_sysbios_knl_Clock_triggerFunc__I)
                  00005e58    00000048     driverlib.lib : chipinfo.obj (.text:NOROM_ChipInfo_GetChipFamily)
                  00005ea0    00000048     drivers_cc13xxware.aem3 : PINCC26XX.oem3 (.text:PIN_swi)
                  00005ee8    00000048                             : PowerCC26XX.oem3 (.text:notify)
                  00005f30    00000044     boot.aem3 : boot.oem3 (.text)
                  00005f74    00000044     rom_sysbios.aem3 : rom_sysbios.obj (.text:xdc_runtime_Text_xprintf__I)
                  00005fb8    00000040     rtsv7M3_T_le_eabi.lib : u_divt2.obj (.text)
                  00005ff8    0000003c     driverlib.lib : osc.obj (.text:NOROM_OSC_HPOSCRelativeFrequencyOffsetGet)
                  00006034    0000003c     drivers_cc13xxware.aem3 : PINCC26XX.oem3 (.text:PINCC26XX_getConfig)
                  00006070    0000003c                             : PINCC26XX.oem3 (.text:PIN_setOutputValue)
                  000060ac    0000003c                             : SPICC26XXDMA.oem3 (.text:SPICC26XXDMA_csnCallback)
                  000060e8    00000038                             : PINCC26XX.oem3 (.text:PIN_setInterrupt)
                  00006120    00000038     rom_sysbios.aem3 : rom_sysbios.obj (.text:ti_sysbios_family_arm_cc26xx_Timer_getCurrentTick__E)
                  00006158    00000036     drivers_cc13xxware.aem3 : UDMACC26XX.oem3 (.text:UDMACC26XX_close)
                  0000618e    00000002     Tempus_pem3.oem3 (.text:ti_sysbios_rom_cortexm_cc13xx_CC13xx_badRomRevision__E)
                  00006190    00000034     driverlib.lib : osc.obj (.text:NOROM_OSCHF_SwitchToRcOscTurnOffXosc)
                  000061c4    00000034     drivers_cc13xxware.aem3 : PINCC26XX.oem3 (.text:PIN_setConfig)
                  000061f8    00000032     rom_sysbios.aem3 : rom_sysbios.obj (.text:ti_sysbios_family_arm_cc26xx_Timer_setNextTick__E)
                  0000622a    00000002                      : rom_sysbios.obj (.text:xdc_runtime_SysCallback_defaultAbort)
                  0000622c    00000030     driverlib.lib : setup_rom.obj (.text:NOROM_SetupSetAonRtcSubSecInc)
                  0000625c    00000030     drivers_cc13xxware.aem3 : PowerCC26XX.oem3 (.text:Power_releaseConstraint)
                  0000628c    00000030                             : PowerCC26XX.oem3 (.text:Power_setConstraint)
                  000062bc    00000030                             : SPI.oem3 (.text:SPI_open)
                  000062ec    00000030     rtsv7M3_T_le_eabi.lib : new_.obj (.text)
                  0000631c    00000030                           : strncpy.obj (.text)
                  0000634c    00000030     Tempus_pem3.oem3 (.text:ti_sysbios_BIOS_atExitFunc__I)
                  0000637c    00000030     Tempus_pem3.oem3 (.text:ti_sysbios_BIOS_startFunc__I)
                  000063ac    00000030     rom_sysbios.aem3 : rom_sysbios.obj (.text:ti_sysbios_family_arm_cc26xx_Timer_initDevice__I)
                  000063dc    00000030                      : rom_sysbios.obj (.text:ti_sysbios_family_arm_cc26xx_Timer_setThreshold__I)
                  0000640c    0000002f                      : rom_sysbios.obj (.text:xdc_runtime_Text_printVisFxn__I)
                  0000643b    00000001     --HOLE-- [fill = 0]
                  0000643c    0000002e     Tempus_pem3.oem3 (.text:malloc)
                  0000646a    00000002     rom_sysbios.aem3 : rom_sysbios.obj (.text:xdc_runtime_SysCallback_defaultExit)
                  0000646c    0000002c     driverlib.lib : ddi.obj (.text:NOROM_DDI32RegWrite)
                  00006498    0000002c                   : osc.obj (.text:NOROM_OSCClockSourceGet)
                  000064c4    0000002c                   : setup_rom.obj (.text:NOROM_SetupGetTrimForRadcExtCfg)
                  000064f0    0000002c     drivers_cc13xxware.aem3 : PINCC26XX.oem3 (.text:PINCC26XX_setMux)
                  0000651c    0000002c     rom_sysbios.aem3 : rom_sysbios.obj (.text:ti_sysbios_knl_Clock_getTicksUntilInterrupt__E)
                  00006548    0000002a                      : rom_sysbios.obj (.text:xdc_runtime_System_putchar__I)
                  00006572    00000002     --HOLE-- [fill = 0]
                  00006574    00000028     driverlib.lib : aon_batmon.obj (.text:NOROM_AONBatMonTemperatureGetDegC)
                  0000659c    00000028     drivers_cc13xxware.aem3 : PowerCC26XX.oem3 (.text:Power_registerNotify)
                  000065c4    00000028                             : SPICC26XXDMA.oem3 (.text:SPICC26XXDMA_flushFifos)
                  000065ec    00000028     driverlib.lib : adi.obj (.text:SafeHapiVoid)
                  00006614    00000028     Tempus.obj (.text:__sti___10_Tempus_cpp_tft)
                  0000663c    00000028     rom_sysbios.aem3 : rom_sysbios.obj (.text:ti_sysbios_family_arm_cc26xx_Timer_getMaxTicks__E)
                  00006664    00000026     drivers_cc13xxware.aem3 : List.oem3 (.text:List_put)
                  0000668a    00000002     --HOLE-- [fill = 0]
                  0000668c    00000024                             : PINCC26XX.oem3 (.text:PINCC26XX_getPinCount)
                  000066b0    00000024                             : PowerCC26XX_calibrateRCOSC.oem3 (.text:getTdcSemaphore)
                  000066d4    00000024     Tempus_pem3.oem3 (.text:ti_sysbios_BIOS_registerRTSLock__I)
                  000066f8    00000024     Tempus_pem3.oem3 (.text:ti_sysbios_BIOS_removeRTSLock__I)
                  0000671c    00000024     rom_sysbios.aem3 : rom_sysbios.obj (.text:xdc_runtime_System_vprintf__E)
                  00006740    00000020     driverlib.lib : setup_rom.obj (.text:NOROM_SetupGetTrimForXoscHfCtl)
                  00006760    00000020     drivers_cc13xxware.aem3 : PowerCC26XX.oem3 (.text:Power_unregisterNotify)
                  00006780    00000020     Tempus.obj (.text:main)
                  000067a0    00000020     Tempus_pem3.oem3 (.text:ti_sysbios_BIOS_rtsLock__I)
                  000067c0    00000020     rom_sysbios.aem3 : rom_sysbios.obj (.text:ti_sysbios_knl_Clock_stop__E)
                  000067e0    00000020                      : rom_sysbios.obj (.text:xdc_runtime_Registry_findById__E)
                  00006800    00000020                      : rom_sysbios.obj (.text:xdc_runtime_SysStd_abort__E)
                  00006820    0000001e     drivers_cc13xxware.aem3 : PINCC26XX.oem3 (.text:PIN_close)
                  0000683e    0000001e                             : PowerCC26XX.oem3 (.text:Power_getTransitionLatency)
                  0000685c    0000001c     TempusDisplay.obj (.text:$P$F0)
                  00006878    0000001c     driverlib.lib : setup_rom.obj (.text:NOROM_SetupGetTrimForAmpcompTh2)
                  00006894    0000001c                   : setup_rom.obj (.text:NOROM_SetupGetTrimForRcOscLfRtuneCtuneTrim)
                  000068b0    0000001c     drivers_cc13xxware.aem3 : PINCC26XX.oem3 (.text:PINCC26XX_setIoCfgMux)
                  000068cc    0000001c                             : PINCC26XX.oem3 (.text:PIN_hwi)
                  000068e8    0000001c                             : UDMACC26XX.oem3 (.text:UDMACC26XX_initHw)
                  00006904    0000001c     rom_sysbios.aem3 : rom_sysbios.obj (.text:ti_sysbios_family_arm_cc26xx_Timer_dynamicStub__E)
                  00006920    0000001a     drivers_cc13xxware.aem3 : List.oem3 (.text:List_remove)
                  0000693a    0000001a     rom_sysbios.aem3 : rom_sysbios_config.obj (.text:xdc_runtime_System_printf__E)
                  00006954    00000018     driverlib.lib : aon_rtc.obj (.text:NOROM_AONRTCCurrentCompareValueGet)
                  0000696c    00000018                   : chipinfo.obj (.text:NOROM_ChipInfo_GetPackageType)
                  00006984    00000018                   : osc.obj (.text:NOROM_OSCHF_TurnOnXosc)
                  0000699c    00000018                   : setup_rom.obj (.text:NOROM_SetupGetTrimForAdcShModeEn)
                  000069b4    00000018                   : setup_rom.obj (.text:NOROM_SetupGetTrimForAdcShVbufEn)
                  000069cc    00000018                   : setup_rom.obj (.text:NOROM_SetupGetTrimForAmpcompTh1)
                  000069e4    00000018                   : setup_rom.obj (.text:NOROM_SetupGetTrimForDblrLoopFilterResetVoltage)
                  000069fc    00000018                   : setup_rom.obj (.text:NOROM_SetupGetTrimForRcOscLfIBiasTrim)
                  00006a14    00000018                   : setup_rom.obj (.text:NOROM_SetupGetTrimForXoscLfRegulatorAndCmirrwrRatio)
                  00006a2c    00000018     drivers_cc13xxware.aem3 : PINCC26XX.oem3 (.text:PIN_getConfig)
                  00006a44    00000018                             : PowerCC26XX.oem3 (.text:Power_idleFunc)
                  00006a5c    00000018                             : PowerCC26XX.oem3 (.text:configureRFCoreClocks)
                  00006a74    00000018     Tempus_pem3.oem3 (.text:free)
                  00006a8c    00000018     rtsv7M3_T_le_eabi.lib : args_main.obj (.text)
                  00006aa4    00000018                           : ll_mul_t2.obj (.text)
                  00006abc    00000018                           : strcmp.obj (.text)
                  00006ad4    00000018     Tempus_pem3.oem3 (.text:ti_sysbios_BIOS_rtsUnlock__I)
                  00006aec    00000018     rom_sysbios.aem3 : rom_sysbios.obj (.text:ti_sysbios_knl_Swi_or__E)
                  00006b04    00000018     Tempus_pem3.oem3 (.text:ti_sysbios_rom_cortexm_cc13xx_CC13xx_checkRevision__E)
                  00006b1c    00000016     driverlib.lib : chipinfo.obj (.text:NOROM_ThisCodeIsBuiltForCC13xxHwRev20AndLater_HaltIfViolated)
                  00006b32    00000016     rtsv7M3_T_le_eabi.lib : strchr.obj (.text)
                  00006b48    00000016                           : strcpy.obj (.text)
                  00006b5e    00000016     Tempus_pem3.oem3 (.text:ti_sysbios_BIOS_exitFunc__I)
                  00006b74    00000014     driverlib.lib : aon_rtc.obj (.text:NOROM_AONRTCCurrent64BitValueGet)
                  00006b88    00000014     drivers_cc13xxware.aem3 : PINCC26XX.oem3 (.text:PINCC26XX_getInputValue)
                  00006b9c    00000014                             : SPI.oem3 (.text:SPI_Params_init)
                  00006bb0    00000014     rtsv7M3_T_le_eabi.lib : _lock.obj (.text)
                  00006bc4    00000014                           : strlen.obj (.text)
                  00006bd8    00000014     Tempus_pem3.oem3 (.text:ti_sysbios_knl_Clock_doTick__I)
                  00006bec    00000012     Tempus_pem3.oem3 (.text:xdc_runtime_Startup_exec__I)
                  00006bfe    00000002     --HOLE-- [fill = 0]
                  00006c00    00000010     driverlib.lib : setup_rom.obj (.text:NOROM_SetupGetTrimForXoscHfFastStart)
                  00006c10    00000010                   : setup_rom.obj (.text:NOROM_SetupGetTrimForXoscHfIbiastherm)
                  00006c20    00000010     rom_sysbios.aem3 : rom_sysbios.obj (.text:xdc_runtime_System_vsnprintf__E)
                  00006c30    0000000e     driverlib.lib : vims.obj (.text:NOROM_VIMSModeGet)
                  00006c3e    0000000e     drivers_cc13xxware.aem3 : SPICC26XXDMA.oem3 (.text:SPICC26XXDMA_init)
                  00006c4c    0000000e     rtsv7M3_T_le_eabi.lib : copy_decompress_none.obj (.text:decompress:none)
                  00006c5a    0000000e     rom_sysbios.aem3 : rom_sysbios.obj (.text:ti_sysbios_family_arm_cc26xx_TimestampProvider_get32__E)
                  00006c68    0000000c     driverlib.lib : cpu.obj (.text:NOROM_CPUcpsid)
                  00006c74    0000000c                   : cpu.obj (.text:NOROM_CPUcpsie)
                  00006c80    0000000c     drivers_cc13xxware.aem3 : PINCC26XX.oem3 (.text:PIN_registerIntCb)
                  00006c8c    0000000c                             : PowerCC26XX.oem3 (.text:Power_getConstraintMask)
                  00006c98    0000000c                             : PowerCC26XX.oem3 (.text:Power_getDependencyCount)
                  00006ca4    0000000c     ComandListData.obj (.text:_ZN14ComandListDataD1Ev)
                  00006cb0    0000000c     drivers_cc13xxware.aem3 : SPICC26XXDMA.oem3 (.text:spiPostNotify)
                  00006cbc    0000000c     rom_sysbios.aem3 : rom_sysbios.obj (.text:ti_sysbios_knl_Swi_getTrigger__E)
                  00006cc8    0000000c     Tempus_pem3.oem3 (.text:xdc_runtime_Startup_reset__I)
                  00006cd4    0000000c     rom_sysbios.aem3 : rom_sysbios.obj (.text:xdc_runtime_Startup_rtsDone__E)
                  00006ce0    0000000c                      : rom_sysbios.obj (.text:xdc_runtime_SysStd_exit__E)
                  00006cec    0000000a     drivers_cc13xxware.aem3 : List.oem3 (.text:List_empty)
                  00006cf6    0000000a                             : SPI.oem3 (.text:SPI_close)
                  00006d00    0000000a                             : UDMACC26XX.oem3 (.text:UDMACC26XX_hwiIntFxn)
                  00006d0a    00000008                             : SPICC26XXDMA.oem3 (.text:SPICC26XXDMA_transferCallback)
                  00006d12    00000008     rtsv7M3_T_le_eabi.lib : delete.obj (.text)
                  00006d1a    00000008     Tempus_pem3.oem3 (.text:xdc_runtime_Text_visitRope__I)
                  00006d22    00000006     rtsv7M3_T_le_eabi.lib : copy_decompress_rle.obj (.text:decompress:rle24)
                  00006d28    00000004     tirtosport.aem3 : HwiP_tirtos.oem3 (.text:HwiP_disable)
                  00006d2c    00000004     drivers_cc13xxware.aem3 : List.oem3 (.text:List_head)
                  00006d30    00000004                             : List.oem3 (.text:List_next)
                  00006d34    00000004                             : PowerCC26XX.oem3 (.text:nopResourceHandler)
                  00006d38    00000004     rom_sysbios.aem3 : rom_sysbios.obj (.text:ti_sysbios_family_arm_cc26xx_Timer_getCount64__E)
                  00006d3c    00000004                      : rom_sysbios.obj (.text:xdc_runtime_SysStd_putch__E)
                  00006d40    00000004                      : rom_sysbios.obj (.text:xdc_runtime_SysStd_ready__E)
                  00006d44    00000004                      : rom_sysbios.obj (.text:xdc_runtime_System_printf_va__F)
                  00006d48    00000008     (.tramp.xdc_runtime_Startup_startMods__I.1)
                  00006d50    00000008     (.tramp.ti_sysbios_knl_Clock_logTick__E.1)
                  00006d58    00000008     (.tramp.ti_sysbios_BIOS_RtsGateProxy_leave__E.1)
                  00006d60    00000008     (.tramp.xdc_runtime_Memory_free__E.1)
                  00006d68    00000008     (.tramp.ti_sysbios_BIOS_RtsGateProxy_enter__E.1)
                  00006d70    00000008     (.tramp.xdc_runtime_Memory_alloc__E.1)
                  00006d78    00000008     (.tramp.xdc_runtime_Error_init__E.1)
                  00006d80    00000008     (.tramp.ti_sysbios_knl_Task_startup__E.1)
                  00006d88    00000008     (.tramp.ti_sysbios_knl_Swi_startup__E.1)
                  00006d90    00000008     (.tramp.ti_sysbios_hal_Hwi_startup__E.1)
                  00006d98    00000008     (.tramp.ti_sysbios_family_arm_cc26xx_Timer_startup__E.1)
                  00006da0    00000008     (.tramp.xdc_runtime_System_atexit__E.1)
                  00006da8    00000008     (.tramp.ti_sysbios_BIOS_setThreadType__E.1)
                  00006db0    00000008     (.tramp.xdc_runtime_System_exit__E.1)
                  00006db8    00000008     (.tramp.ti_sysbios_knl_Semaphore_destruct.1)
                  00006dc0    00000008     (.tramp.ti_sysbios_knl_Swi_destruct.1)
                  00006dc8    00000008     (.tramp.ti_sysbios_family_arm_m3_Hwi_destruct.1)
                  00006dd0    00000008     (.tramp.ti_sysbios_BIOS_getCpuFreq__E.1)
                  00006dd8    00000008     (.tramp.ti_sysbios_knl_Semaphore_post__E.1)
                  00006de0    00000008     (.tramp.ti_sysbios_knl_Clock_scheduleNextTick__E.1)
                  00006de8    00000008     (.tramp.ti_sysbios_knl_Clock_walkQueueDynamic__E.1)
                  00006df0    00000008     (.tramp.ti_sysbios_knl_Clock_TimerProxy_getCurrentTick__E.1)
                  00006df8    00000008     (.tramp.ti_sysbios_knl_Swi_post__E.1)
                  00006e00    00000008     (.tramp.ti_sysbios_knl_Semaphore_pend__E.1)
                  00006e08    00000008     (.tramp.ti_sysbios_knl_Clock_setTimeout__E.1)
                  00006e10    00000008     (.tramp.ti_sysbios_knl_Clock_construct.1)
                  00006e18    00000008     (.tramp.ti_sysbios_knl_Clock_Params__init__S.1)
                  00006e20    00000008     (.tramp.ti_sysbios_family_arm_m3_Hwi_restoreFxn__E.1)
                  00006e28    00000008     (.tramp.ti_sysbios_family_arm_m3_Hwi_disableFxn__E.1)
                  00006e30    00000008     (.tramp.xdc_runtime_System_abort__E.1)
                  00006e38    00000008     (.tramp.ti_sysbios_knl_Clock_start__E.1)
                  00006e40    00000008     (.tramp.xdc_runtime_System_abortSpin__E.1)
                  00006e48    00000008     (.tramp.ti_sysbios_knl_Swi_construct.1)
                  00006e50    00000008     (.tramp.ti_sysbios_knl_Swi_Params__init__S.1)
                  00006e58    00000008     (.tramp.ti_sysbios_family_arm_m3_Hwi_construct.1)
                  00006e60    00000008     (.tramp.ti_sysbios_family_arm_m3_Hwi_Params__init__S.1)
                  00006e68    00000008     (.tramp.ti_sysbios_knl_Semaphore_construct.1)
                  00006e70    00000008     (.tramp.ti_sysbios_knl_Semaphore_Params__init__S.1)
                  00006e78    00000008     (.tramp.ti_sysbios_knl_Task_restore__E.1)
                  00006e80    00000008     (.tramp.ti_sysbios_knl_Swi_restore__E.1)
                  00006e88    00000008     (.tramp.ti_sysbios_knl_Swi_disable__E.1)
                  00006e90    00000008     (.tramp.ti_sysbios_knl_Task_disable__E.1)

.cinit     0    000002a8    0000041c     
                  000002a8    00000234     (.cinit..data.load) [load image, compression = rle]
                  000004dc    00000004     --HOLE-- [fill = 0]
                  000004e0    0000002c     (.cinit..data:ti_sysbios_family_arm_m3_Hwi_Module__state__V.load) [load image, compression = rle]
                  0000050c    00000004     --HOLE-- [fill = 0]
                  00000510    0000002c     (.cinit..data:ti_sysbios_knl_Task_Module__state__V.load) [load image, compression = rle]
                  0000053c    00000004     --HOLE-- [fill = 0]
                  00000540    00000021     (.cinit..data:ti_sysbios_knl_Clock_Module__state__V.load) [load image, compression = rle]
                  00000561    00000007     --HOLE-- [fill = 0]
                  00000568    0000001f     (.cinit..data:ti_sysbios_BIOS_Module__state__V.load) [load image, compression = rle]
                  00000587    00000001     --HOLE-- [fill = 0]
                  00000588    00000011     (.cinit..data:ti_sysbios_knl_Swi_Module__state__V.load) [load image, compression = rle]
                  00000599    00000007     --HOLE-- [fill = 0]
                  000005a0    0000000d     (.cinit..data:ti_sysbios_family_arm_cc26xx_Timer_Module__state__V.load) [load image, compression = rle]
                  000005ad    00000003     --HOLE-- [fill = 0]
                  000005b0    0000000b     (.cinit..bss.load) [load image, compression = rle]
                  000005bb    00000005     --HOLE-- [fill = 0]
                  000005c0    0000000a     (.cinit..data:xdc_runtime_Memory_Module__state__V.load) [load image, compression = rle]
                  000005ca    00000006     --HOLE-- [fill = 0]
                  000005d0    00000009     (.cinit..TI.bound:dmaSpi0RxControlTableEntry.load) [load image, compression = rle]
                  000005d9    00000007     --HOLE-- [fill = 0]
                  000005e0    00000009     (.cinit..TI.bound:dmaSpi0TxControlTableEntry.load) [load image, compression = rle]
                  000005e9    00000007     --HOLE-- [fill = 0]
                  000005f0    00000009     (.cinit..TI.bound:dmaSpi1RxControlTableEntry.load) [load image, compression = rle]
                  000005f9    00000007     --HOLE-- [fill = 0]
                  00000600    00000009     (.cinit..TI.bound:dmaSpi1TxControlTableEntry.load) [load image, compression = rle]
                  00000609    00000007     --HOLE-- [fill = 0]
                  00000610    00000009     (.cinit..data:ti_sysbios_family_arm_cc26xx_TimestampProvider_Module__state__V.load) [load image, compression = rle]
                  00000619    00000007     --HOLE-- [fill = 0]
                  00000620    00000009     (.cinit..data:xdc_runtime_Startup_Module__state__V.load) [load image, compression = rle]
                  00000629    00000007     --HOLE-- [fill = 0]
                  00000630    00000009     (.cinit..data:xdc_runtime_System_Module__state__V.load) [load image, compression = rle]
                  00000639    00000003     --HOLE-- [fill = 0]
                  0000063c    00000008     (__TI_handler_table)
                  00000644    00000080     (__TI_cinit_table)

.init_array 
*          0    0000029c    00000008     
                  0000029c    00000004     Tempus.obj (.init_array)
                  000002a0    00000004     TempusDisplay.obj (.init_array)

.ccfg      0    0001ffa8    00000058     
                  0001ffa8    00000058     ccfg.obj (.ccfg:retain)

.const:ti_sysbios_knl_Task_Object__PARAMS__C 
*          0    00001000    0000003c     
                  00001000    0000003c     Tempus_pem3.oem3 (.const:ti_sysbios_knl_Task_Object__PARAMS__C)

.const:ti_sysbios_knl_Mailbox_Object__PARAMS__C 
*          0    0000103c    00000034     
                  0000103c    00000034     Tempus_pem3.oem3 (.const:ti_sysbios_knl_Mailbox_Object__PARAMS__C)

.const:ti_sysbios_family_arm_m3_Hwi_Object__PARAMS__C 
*          0    00001070    00000030     
                  00001070    00000030     Tempus_pem3.oem3 (.const:ti_sysbios_family_arm_m3_Hwi_Object__PARAMS__C)

.const:ti_sysbios_hal_Hwi_Object__PARAMS__C 
*          0    000010a0    0000002c     
                  000010a0    0000002c     Tempus_pem3.oem3 (.const:ti_sysbios_hal_Hwi_Object__PARAMS__C)

.const:ti_sysbios_heaps_HeapMem_Module__FXNS__C 
*          0    000010cc    00000028     
                  000010cc    00000028     Tempus_pem3.oem3 (.const:ti_sysbios_heaps_HeapMem_Module__FXNS__C)

.const:ti_sysbios_knl_Swi_Object__PARAMS__C 
*          0    000010f4    00000028     
                  000010f4    00000028     Tempus_pem3.oem3 (.const:ti_sysbios_knl_Swi_Object__PARAMS__C)

.const:ti_sysbios_gates_GateHwi_Module__FXNS__C 
*          0    0000111c    00000024     
                  0000111c    00000024     Tempus_pem3.oem3 (.const:ti_sysbios_gates_GateHwi_Module__FXNS__C)

.const:ti_sysbios_gates_GateMutex_Module__FXNS__C 
*          0    00001140    00000024     
                  00001140    00000024     Tempus_pem3.oem3 (.const:ti_sysbios_gates_GateMutex_Module__FXNS__C)

.const:ti_sysbios_heaps_HeapMem_Object__PARAMS__C 
*          0    00001164    00000024     
                  00001164    00000024     Tempus_pem3.oem3 (.const:ti_sysbios_heaps_HeapMem_Object__PARAMS__C)

.const:ti_sysbios_knl_Clock_Object__PARAMS__C 
*          0    00001188    00000024     
                  00001188    00000024     Tempus_pem3.oem3 (.const:ti_sysbios_knl_Clock_Object__PARAMS__C)

.const:ti_sysbios_knl_Semaphore_Object__PARAMS__C 
*          0    000011ac    00000024     
                  000011ac    00000024     Tempus_pem3.oem3 (.const:ti_sysbios_knl_Semaphore_Object__PARAMS__C)

.const:ti_sysbios_family_arm_m3_Hwi_Object__DESC__C 
*          0    000011d0    00000020     
                  000011d0    00000020     Tempus_pem3.oem3 (.const:ti_sysbios_family_arm_m3_Hwi_Object__DESC__C)

.const:ti_sysbios_gates_GateHwi_Object__DESC__C 
*          0    000011f0    00000020     
                  000011f0    00000020     Tempus_pem3.oem3 (.const:ti_sysbios_gates_GateHwi_Object__DESC__C)

.const:ti_sysbios_gates_GateMutex_Object__DESC__C 
*          0    00001210    00000020     
                  00001210    00000020     Tempus_pem3.oem3 (.const:ti_sysbios_gates_GateMutex_Object__DESC__C)

.const:ti_sysbios_hal_Hwi_Object__DESC__C 
*          0    00001230    00000020     
                  00001230    00000020     Tempus_pem3.oem3 (.const:ti_sysbios_hal_Hwi_Object__DESC__C)

.const:ti_sysbios_heaps_HeapMem_Object__DESC__C 
*          0    00001250    00000020     
                  00001250    00000020     Tempus_pem3.oem3 (.const:ti_sysbios_heaps_HeapMem_Object__DESC__C)

.const:ti_sysbios_knl_Clock_Object__DESC__C 
*          0    00001270    00000020     
                  00001270    00000020     Tempus_pem3.oem3 (.const:ti_sysbios_knl_Clock_Object__DESC__C)

.const:ti_sysbios_knl_Mailbox_Object__DESC__C 
*          0    00001290    00000020     
                  00001290    00000020     Tempus_pem3.oem3 (.const:ti_sysbios_knl_Mailbox_Object__DESC__C)

.const:ti_sysbios_knl_Queue_Object__DESC__C 
*          0    000012b0    00000020     
                  000012b0    00000020     Tempus_pem3.oem3 (.const:ti_sysbios_knl_Queue_Object__DESC__C)

.const:ti_sysbios_knl_Semaphore_Object__DESC__C 
*          0    000012d0    00000020     
                  000012d0    00000020     Tempus_pem3.oem3 (.const:ti_sysbios_knl_Semaphore_Object__DESC__C)

.const:ti_sysbios_knl_Swi_Object__DESC__C 
*          0    000012f0    00000020     
                  000012f0    00000020     Tempus_pem3.oem3 (.const:ti_sysbios_knl_Swi_Object__DESC__C)

.const:ti_sysbios_knl_Task_Object__DESC__C 
*          0    00001310    00000020     
                  00001310    00000020     Tempus_pem3.oem3 (.const:ti_sysbios_knl_Task_Object__DESC__C)

.const:ti_sysbios_gates_GateHwi_Object__PARAMS__C 
*          0    00001330    00000018     
                  00001330    00000018     Tempus_pem3.oem3 (.const:ti_sysbios_gates_GateHwi_Object__PARAMS__C)

.const:ti_sysbios_gates_GateMutex_Object__PARAMS__C 
*          0    00001348    00000018     
                  00001348    00000018     Tempus_pem3.oem3 (.const:ti_sysbios_gates_GateMutex_Object__PARAMS__C)

.const:ti_sysbios_knl_Queue_Object__PARAMS__C 
*          0    00001360    00000018     
                  00001360    00000018     Tempus_pem3.oem3 (.const:ti_sysbios_knl_Queue_Object__PARAMS__C)

.const:ti_sysbios_knl_Idle_funcList__C 
*          0    00001378    00000008     
                  00001378    00000008     Tempus_pem3.oem3 (.const:ti_sysbios_knl_Idle_funcList__C)

.const:ti_sysbios_family_arm_cc26xx_Timer_startupNeeded__C 
*          0    00001384    00000004     
                  00001384    00000004     Tempus_pem3.oem3 (.const:ti_sysbios_family_arm_cc26xx_Timer_startupNeeded__C)

.const:ti_sysbios_family_arm_m3_Hwi_E_alreadyDefined__C 
*          0    00001388    00000004     
                  00001388    00000004     Tempus_pem3.oem3 (.const:ti_sysbios_family_arm_m3_Hwi_E_alreadyDefined__C)

.const:ti_sysbios_family_arm_m3_Hwi_E_hwiLimitExceeded__C 
*          0    0000138c    00000004     
                  0000138c    00000004     Tempus_pem3.oem3 (.const:ti_sysbios_family_arm_m3_Hwi_E_hwiLimitExceeded__C)

.const:ti_sysbios_family_arm_m3_Hwi_NUM_INTERRUPTS__C 
*          0    00001390    00000004     
                  00001390    00000004     Tempus_pem3.oem3 (.const:ti_sysbios_family_arm_m3_Hwi_NUM_INTERRUPTS__C)

.const:ti_sysbios_family_arm_m3_Hwi_Object__count__C 
*          0    00001394    00000004     
                  00001394    00000004     Tempus_pem3.oem3 (.const:ti_sysbios_family_arm_m3_Hwi_Object__count__C)

.const:ti_sysbios_family_arm_m3_Hwi_Object__table__C 
*          0    00001398    00000004     
                  00001398    00000004     Tempus_pem3.oem3 (.const:ti_sysbios_family_arm_m3_Hwi_Object__table__C)

.const:ti_sysbios_family_arm_m3_Hwi_ccr__C 
*          0    0000139c    00000004     
                  0000139c    00000004     Tempus_pem3.oem3 (.const:ti_sysbios_family_arm_m3_Hwi_ccr__C)

.const:ti_sysbios_family_arm_m3_Hwi_excHandlerFunc__C 
*          0    000013a0    00000004     
                  000013a0    00000004     Tempus_pem3.oem3 (.const:ti_sysbios_family_arm_m3_Hwi_excHandlerFunc__C)

.const:ti_sysbios_family_arm_m3_Hwi_nullIsrFunc__C 
*          0    000013a4    00000004     
                  000013a4    00000004     Tempus_pem3.oem3 (.const:ti_sysbios_family_arm_m3_Hwi_nullIsrFunc__C)

.const:ti_sysbios_family_arm_m3_Hwi_numSparseInterrupts__C 
*          0    000013a8    00000004     
                  000013a8    00000004     Tempus_pem3.oem3 (.const:ti_sysbios_family_arm_m3_Hwi_numSparseInterrupts__C)

.const:ti_sysbios_family_arm_m3_Hwi_priGroup__C 
*          0    000013ac    00000004     
                  000013ac    00000004     Tempus_pem3.oem3 (.const:ti_sysbios_family_arm_m3_Hwi_priGroup__C)

.const:ti_sysbios_family_arm_m3_TaskSupport_stackAlignment__C 
*          0    000013b0    00000004     
                  000013b0    00000004     Tempus_pem3.oem3 (.const:ti_sysbios_family_arm_m3_TaskSupport_stackAlignment__C)

.const:ti_sysbios_heaps_HeapMem_E_memory__C 
*          0    000013b4    00000004     
                  000013b4    00000004     Tempus_pem3.oem3 (.const:ti_sysbios_heaps_HeapMem_E_memory__C)

.const:ti_sysbios_heaps_HeapMem_Module__gateObj__C 
*          0    000013b8    00000004     
                  000013b8    00000004     Tempus_pem3.oem3 (.const:ti_sysbios_heaps_HeapMem_Module__gateObj__C)

.const:ti_sysbios_heaps_HeapMem_Object__count__C 
*          0    000013bc    00000004     
                  000013bc    00000004     Tempus_pem3.oem3 (.const:ti_sysbios_heaps_HeapMem_Object__count__C)

.const:ti_sysbios_heaps_HeapMem_Object__table__C 
*          0    000013c0    00000004     
                  000013c0    00000004     Tempus_pem3.oem3 (.const:ti_sysbios_heaps_HeapMem_Object__table__C)

.const:ti_sysbios_heaps_HeapMem_reqAlign__C 
*          0    000013c4    00000004     
                  000013c4    00000004     Tempus_pem3.oem3 (.const:ti_sysbios_heaps_HeapMem_reqAlign__C)

.const:ti_sysbios_knl_Clock_serviceMargin__C 
*          0    000013c8    00000004     
                  000013c8    00000004     Tempus_pem3.oem3 (.const:ti_sysbios_knl_Clock_serviceMargin__C)

.const:ti_sysbios_knl_Mailbox_Object__count__C 
*          0    000013cc    00000004     
                  000013cc    00000004     Tempus_pem3.oem3 (.const:ti_sysbios_knl_Mailbox_Object__count__C)

.const:ti_sysbios_knl_Mailbox_Object__table__C 
*          0    000013d0    00000004     
                  000013d0    00000004     Tempus_pem3.oem3 (.const:ti_sysbios_knl_Mailbox_Object__table__C)

.const:ti_sysbios_knl_Mailbox_maxTypeAlign__C 
*          0    000013d4    00000004     
                  000013d4    00000004     Tempus_pem3.oem3 (.const:ti_sysbios_knl_Mailbox_maxTypeAlign__C)

.const:ti_sysbios_knl_Queue_Object__count__C 
*          0    000013d8    00000004     
                  000013d8    00000004     Tempus_pem3.oem3 (.const:ti_sysbios_knl_Queue_Object__count__C)

.const:ti_sysbios_knl_Queue_Object__table__C 
*          0    000013dc    00000004     
                  000013dc    00000004     Tempus_pem3.oem3 (.const:ti_sysbios_knl_Queue_Object__table__C)

.const:ti_sysbios_knl_Swi_Object__count__C 
*          0    000013e0    00000004     
                  000013e0    00000004     Tempus_pem3.oem3 (.const:ti_sysbios_knl_Swi_Object__count__C)

.const:ti_sysbios_knl_Swi_Object__table__C 
*          0    000013e4    00000004     
                  000013e4    00000004     Tempus_pem3.oem3 (.const:ti_sysbios_knl_Swi_Object__table__C)

.const:ti_sysbios_knl_Swi_numPriorities__C 
*          0    000013e8    00000004     
                  000013e8    00000004     Tempus_pem3.oem3 (.const:ti_sysbios_knl_Swi_numPriorities__C)

.const:ti_sysbios_knl_Task_Object__count__C 
*          0    000013ec    00000004     
                  000013ec    00000004     Tempus_pem3.oem3 (.const:ti_sysbios_knl_Task_Object__count__C)

.const:ti_sysbios_knl_Task_Object__table__C 
*          0    000013f0    00000004     
                  000013f0    00000004     Tempus_pem3.oem3 (.const:ti_sysbios_knl_Task_Object__table__C)

.const:ti_sysbios_knl_Task_allBlockedFunc__C 
*          0    000013f4    00000004     
                  000013f4    00000004     Tempus_pem3.oem3 (.const:ti_sysbios_knl_Task_allBlockedFunc__C)

.const:ti_sysbios_knl_Task_defaultStackHeap__C 
*          0    000013f8    00000004     
                  000013f8    00000004     Tempus_pem3.oem3 (.const:ti_sysbios_knl_Task_defaultStackHeap__C)

.const:ti_sysbios_knl_Task_defaultStackSize__C 
*          0    000013fc    00000004     
                  000013fc    00000004     Tempus_pem3.oem3 (.const:ti_sysbios_knl_Task_defaultStackSize__C)

.const:ti_sysbios_knl_Task_numConstructedTasks__C 
*          0    00001400    00000004     
                  00001400    00000004     Tempus_pem3.oem3 (.const:ti_sysbios_knl_Task_numConstructedTasks__C)

.const:ti_sysbios_family_arm_cc26xx_Timer_Module__id__C 
*          0    00001406    00000002     
                  00001406    00000002     Tempus_pem3.oem3 (.const:ti_sysbios_family_arm_cc26xx_Timer_Module__id__C)

.const:ti_sysbios_family_arm_cc26xx_TimestampProvider_useClockTimer__C 
*          0    00001408    00000002     
                  00001408    00000002     Tempus_pem3.oem3 (.const:ti_sysbios_family_arm_cc26xx_TimestampProvider_useClockTimer__C)

.const:ti_sysbios_family_arm_m3_Hwi_Module__id__C 
*          0    0000140a    00000002     
                  0000140a    00000002     Tempus_pem3.oem3 (.const:ti_sysbios_family_arm_m3_Hwi_Module__id__C)

.const:ti_sysbios_gates_GateHwi_Module__id__C 
*          0    0000140c    00000002     
                  0000140c    00000002     Tempus_pem3.oem3 (.const:ti_sysbios_gates_GateHwi_Module__id__C)

.const:ti_sysbios_gates_GateMutex_Module__id__C 
*          0    0000140e    00000002     
                  0000140e    00000002     Tempus_pem3.oem3 (.const:ti_sysbios_gates_GateMutex_Module__id__C)

.const:ti_sysbios_heaps_HeapMem_Module__id__C 
*          0    00001410    00000002     
                  00001410    00000002     Tempus_pem3.oem3 (.const:ti_sysbios_heaps_HeapMem_Module__id__C)

.const:ti_sysbios_knl_Task_initStackFlag__C 
*          0    00001412    00000002     
                  00001412    00000002     Tempus_pem3.oem3 (.const:ti_sysbios_knl_Task_initStackFlag__C)

.const:ti_sysbios_knl_Clock_tickMode__C 
*          0    00001414    00000001     
                  00001414    00000001     Tempus_pem3.oem3 (.const:ti_sysbios_knl_Clock_tickMode__C)

.const:xdc_runtime_Startup_firstFxns__C 
*          0    00001418    00000008     
                  00001418    00000008     Tempus_pem3.oem3 (.const:xdc_runtime_Startup_firstFxns__C)

.const:xdc_runtime_Startup_lastFxns__C 
*          0    00001420    00000008     
                  00001420    00000008     Tempus_pem3.oem3 (.const:xdc_runtime_Startup_lastFxns__C)

.const:xdc_runtime_Assert_E_assertFailed__C 
*          0    00001428    00000004     
                  00001428    00000004     Tempus_pem3.oem3 (.const:xdc_runtime_Assert_E_assertFailed__C)

.const:xdc_runtime_Error_E_memory__C 
*          0    0000142c    00000004     
                  0000142c    00000004     Tempus_pem3.oem3 (.const:xdc_runtime_Error_E_memory__C)

.const:xdc_runtime_Error_policyFxn__C 
*          0    00001430    00000004     
                  00001430    00000004     Tempus_pem3.oem3 (.const:xdc_runtime_Error_policyFxn__C)

.const:xdc_runtime_IGateProvider_Interface__BASE__C 
*          0    00001434    00000004     
                  00001434    00000004     Tempus_pem3.oem3 (.const:xdc_runtime_IGateProvider_Interface__BASE__C)

.const:xdc_runtime_IHeap_Interface__BASE__C 
*          0    00001438    00000004     
                  00001438    00000004     Tempus_pem3.oem3 (.const:xdc_runtime_IHeap_Interface__BASE__C)

.const:xdc_runtime_IModule_Interface__BASE__C 
*          0    0000143c    00000004     
                  0000143c    00000004     Tempus_pem3.oem3 (.const:xdc_runtime_IModule_Interface__BASE__C)

.const:xdc_runtime_Main_Module__diagsEnabled__C 
*          0    00001440    00000004     
                  00001440    00000004     Tempus_pem3.oem3 (.const:xdc_runtime_Main_Module__diagsEnabled__C)

.const:xdc_runtime_Main_Module__diagsIncluded__C 
*          0    00001444    00000004     
                  00001444    00000004     Tempus_pem3.oem3 (.const:xdc_runtime_Main_Module__diagsIncluded__C)

.const:xdc_runtime_Main_Module__diagsMask__C 
*          0    00001448    00000004     
                  00001448    00000004     Tempus_pem3.oem3 (.const:xdc_runtime_Main_Module__diagsMask__C)

.const:xdc_runtime_Memory_defaultHeapInstance__C 
*          0    0000144c    00000004     
                  0000144c    00000004     Tempus_pem3.oem3 (.const:xdc_runtime_Memory_defaultHeapInstance__C)

.const:xdc_runtime_Startup_execImpl__C 
*          0    00001450    00000004     
                  00001450    00000004     Tempus_pem3.oem3 (.const:xdc_runtime_Startup_execImpl__C)

.const:xdc_runtime_Startup_maxPasses__C 
*          0    00001454    00000004     
                  00001454    00000004     Tempus_pem3.oem3 (.const:xdc_runtime_Startup_maxPasses__C)

.const:xdc_runtime_Startup_sfxnRts__C 
*          0    00001458    00000004     
                  00001458    00000004     Tempus_pem3.oem3 (.const:xdc_runtime_Startup_sfxnRts__C)

.const:xdc_runtime_Startup_sfxnTab__C 
*          0    0000145c    00000004     
                  0000145c    00000004     Tempus_pem3.oem3 (.const:xdc_runtime_Startup_sfxnTab__C)

.const:xdc_runtime_Startup_startModsFxn__C 
*          0    00001460    00000004     
                  00001460    00000004     Tempus_pem3.oem3 (.const:xdc_runtime_Startup_startModsFxn__C)

.const:xdc_runtime_SysCallback_abortFxn__C 
*          0    00001464    00000004     
                  00001464    00000004     Tempus_pem3.oem3 (.const:xdc_runtime_SysCallback_abortFxn__C)

.const:xdc_runtime_SysCallback_exitFxn__C 
*          0    00001468    00000004     
                  00001468    00000004     Tempus_pem3.oem3 (.const:xdc_runtime_SysCallback_exitFxn__C)

.const:xdc_runtime_System_abortFxn__C 
*          0    0000146c    00000004     
                  0000146c    00000004     Tempus_pem3.oem3 (.const:xdc_runtime_System_abortFxn__C)

.const:xdc_runtime_System_exitFxn__C 
*          0    00001470    00000004     
                  00001470    00000004     Tempus_pem3.oem3 (.const:xdc_runtime_System_exitFxn__C)

.const:xdc_runtime_System_maxAtexitHandlers__C 
*          0    00001474    00000004     
                  00001474    00000004     Tempus_pem3.oem3 (.const:xdc_runtime_System_maxAtexitHandlers__C)

.const:xdc_runtime_Text_charTab__C 
*          0    00001478    00000004     
                  00001478    00000004     Tempus_pem3.oem3 (.const:xdc_runtime_Text_charTab__C)

.const:xdc_runtime_Text_nameEmpty__C 
*          0    0000147c    00000004     
                  0000147c    00000004     Tempus_pem3.oem3 (.const:xdc_runtime_Text_nameEmpty__C)

.const:xdc_runtime_Text_nameStatic__C 
*          0    00001480    00000004     
                  00001480    00000004     Tempus_pem3.oem3 (.const:xdc_runtime_Text_nameStatic__C)

.const:xdc_runtime_Text_nameUnknown__C 
*          0    00001484    00000004     
                  00001484    00000004     Tempus_pem3.oem3 (.const:xdc_runtime_Text_nameUnknown__C)

.const:xdc_runtime_Main_Module__id__C 
*          0    00001488    00000002     
                  00001488    00000002     Tempus_pem3.oem3 (.const:xdc_runtime_Main_Module__id__C)

.const:xdc_runtime_Memory_Module__id__C 
*          0    0000148a    00000002     
                  0000148a    00000002     Tempus_pem3.oem3 (.const:xdc_runtime_Memory_Module__id__C)

.const:xdc_runtime_Text_charCnt__C 
*          0    0000148c    00000002     
                  0000148c    00000002     Tempus_pem3.oem3 (.const:xdc_runtime_Text_charCnt__C)

.const:xdc_runtime_Text_isLoaded__C 
*          0    0000148e    00000002     
                  0000148e    00000002     Tempus_pem3.oem3 (.const:xdc_runtime_Text_isLoaded__C)

.const:ti_sysbios_rom_ROM_AONRTCChannelEnable 
*          0    00001494    00000004     
                  00001494    00000004     Tempus_pem3.oem3 (.const:ti_sysbios_rom_ROM_AONRTCChannelEnable)

.const:ti_sysbios_rom_ROM_AONRTCCompareValueSet 
*          0    00001498    00000004     
                  00001498    00000004     Tempus_pem3.oem3 (.const:ti_sysbios_rom_ROM_AONRTCCompareValueSet)

.const:ti_sysbios_rom_ROM_AONRTCCurrentCompareValueGet 
*          0    0000149c    00000004     
                  0000149c    00000004     Tempus_pem3.oem3 (.const:ti_sysbios_rom_ROM_AONRTCCurrentCompareValueGet)

.const:ti_sysbios_rom_ROM_AONRTCEventClear 
*          0    000014a0    00000004     
                  000014a0    00000004     Tempus_pem3.oem3 (.const:ti_sysbios_rom_ROM_AONRTCEventClear)

.const:ti_sysbios_rom_ROM_ti_sysbios_family_arm_cc26xx_Timer_getCount64__E 
*          0    000014a4    00000004     
                  000014a4    00000004     Tempus_pem3.oem3 (.const:ti_sysbios_rom_ROM_ti_sysbios_family_arm_cc26xx_Timer_getCount64__E)

.const:ti_sysbios_rom_ROM_ti_sysbios_family_arm_cc26xx_Timer_getCurrentTick__E 
*          0    000014a8    00000004     
                  000014a8    00000004     Tempus_pem3.oem3 (.const:ti_sysbios_rom_ROM_ti_sysbios_family_arm_cc26xx_Timer_getCurrentTick__E)

.const:ti_sysbios_rom_ROM_ti_sysbios_family_arm_cc26xx_Timer_getMaxTicks__E 
*          0    000014ac    00000004     
                  000014ac    00000004     Tempus_pem3.oem3 (.const:ti_sysbios_rom_ROM_ti_sysbios_family_arm_cc26xx_Timer_getMaxTicks__E)

.const:ti_sysbios_rom_ROM_ti_sysbios_family_arm_cc26xx_Timer_setNextTick__E 
*          0    000014b4    00000004     
                  000014b4    00000004     Tempus_pem3.oem3 (.const:ti_sysbios_rom_ROM_ti_sysbios_family_arm_cc26xx_Timer_setNextTick__E)

.const:ti_sysbios_rom_ROM_ti_sysbios_family_arm_cc26xx_Timer_setThreshold__I 
*          0    000014b8    00000004     
                  000014b8    00000004     Tempus_pem3.oem3 (.const:ti_sysbios_rom_ROM_ti_sysbios_family_arm_cc26xx_Timer_setThreshold__I)

.const:ti_sysbios_rom_ROM_ti_sysbios_family_arm_cc26xx_Timer_start__E 
*          0    000014bc    00000004     
                  000014bc    00000004     Tempus_pem3.oem3 (.const:ti_sysbios_rom_ROM_ti_sysbios_family_arm_cc26xx_Timer_start__E)

.const:ti_sysbios_rom_ROM_ti_sysbios_family_arm_cc26xx_TimestampProvider_get32__E 
*          0    000014c0    00000004     
                  000014c0    00000004     Tempus_pem3.oem3 (.const:ti_sysbios_rom_ROM_ti_sysbios_family_arm_cc26xx_TimestampProvider_get32__E)

.const:ti_sysbios_rom_ROM_xdc_runtime_Startup_getState__I 
*          0    000014c4    00000004     
                  000014c4    00000004     Tempus_pem3.oem3 (.const:ti_sysbios_rom_ROM_xdc_runtime_Startup_getState__I)

.const:ti_sysbios_rom_ROM_xdc_runtime_System_SupportProxy_abort__E 
*          0    000014c8    00000004     
                  000014c8    00000004     Tempus_pem3.oem3 (.const:ti_sysbios_rom_ROM_xdc_runtime_System_SupportProxy_abort__E)

.const:ti_sysbios_rom_ROM_xdc_runtime_System_SupportProxy_exit__E 
*          0    000014cc    00000004     
                  000014cc    00000004     Tempus_pem3.oem3 (.const:ti_sysbios_rom_ROM_xdc_runtime_System_SupportProxy_exit__E)

.const:ti_sysbios_knl_Clock_Module_State_clockQ__O 
*          0    000014d4    00000004     
                  000014d4    00000004     Tempus_pem3.oem3 (.const:ti_sysbios_knl_Clock_Module_State_clockQ__O)

.const:ti_sysbios_knl_Mailbox_Instance_State_dataSem__O 
*          0    000014dc    00000004     
                  000014dc    00000004     Tempus_pem3.oem3 (.const:ti_sysbios_knl_Mailbox_Instance_State_dataSem__O)

.const:ti_sysbios_knl_Mailbox_Instance_State_freeQue__O 
*          0    000014e0    00000004     
                  000014e0    00000004     Tempus_pem3.oem3 (.const:ti_sysbios_knl_Mailbox_Instance_State_freeQue__O)

.const:ti_sysbios_knl_Mailbox_Instance_State_freeSem__O 
*          0    000014e4    00000004     
                  000014e4    00000004     Tempus_pem3.oem3 (.const:ti_sysbios_knl_Mailbox_Instance_State_freeSem__O)

.const:ti_sysbios_knl_Semaphore_Instance_State_pendQ__O 
*          0    000014e8    00000004     
                  000014e8    00000004     Tempus_pem3.oem3 (.const:ti_sysbios_knl_Semaphore_Instance_State_pendQ__O)

.data:ti_sysbios_knl_Task_Module__state__V 
*          0    20000100    00000044     UNINITIALIZED
                  20000100    00000044     Tempus_pem3.oem3 (.data:ti_sysbios_knl_Task_Module__state__V)

.data:ti_sysbios_family_arm_m3_Hwi_Module__state__V 
*          0    20000144    00000034     UNINITIALIZED
                  20000144    00000034     Tempus_pem3.oem3 (.data:ti_sysbios_family_arm_m3_Hwi_Module__state__V)

.data:ti_sysbios_BIOS_Module__state__V 
*          0    200001a4    00000024     UNINITIALIZED
                  200001a4    00000024     Tempus_pem3.oem3 (.data:ti_sysbios_BIOS_Module__state__V)

.data:ti_sysbios_knl_Swi_Module__state__V 
*          0    200001c8    0000001c     UNINITIALIZED
                  200001c8    0000001c     Tempus_pem3.oem3 (.data:ti_sysbios_knl_Swi_Module__state__V)

.data:ti_sysbios_family_arm_cc26xx_Timer_Module__state__V 
*          0    200001e4    00000008     UNINITIALIZED
                  200001e4    00000008     Tempus_pem3.oem3 (.data:ti_sysbios_family_arm_cc26xx_Timer_Module__state__V)

.data:xdc_runtime_System_Module__state__V 
*          0    200001f8    00000008     UNINITIALIZED
                  200001f8    00000008     Tempus_pem3.oem3 (.data:xdc_runtime_System_Module__state__V)

.TI.bound:dmaSpi0RxControlTableEntry 
*          0    20000430    00000010     UNINITIALIZED
                  20000430    00000010     drivers_cc13xxware.aem3 : SPICC26XXDMA.oem3 (.TI.bound:dmaSpi0RxControlTableEntry)

.TI.bound:dmaSpi1RxControlTableEntry 
*          0    20000500    00000010     UNINITIALIZED
                  20000500    00000010     drivers_cc13xxware.aem3 : SPICC26XXDMA.oem3 (.TI.bound:dmaSpi1RxControlTableEntry)

.bss       0    20000520    00000c2d     UNINITIALIZED
                  20000520    00000400     (.common:ti_sysbios_heaps_HeapMem_Instance_State_0_buf__A)
                  20000920    00000200     Tempus_pem3.oem3 (.bss:taskStackSection)
                  20000b20    000001b8     (.common:spiCC26XXDMAObjects)
                  20000cd8    00000120     rtsv7M3_T_le_eabi.lib : trgmsg.obj (.bss:_CIOBUF_)
                  20000df8    000000c8     (.common:ti_sysbios_family_arm_m3_Hwi_dispatchTable)
                  20000ec0    000000a0     (.common:__TI_tmpnams)
                  20000f60    0000007c     drivers_cc13xxware.aem3 : PINCC26XX.oem3 (.bss:PIN_HandleTable)
                  20000fdc    00000034                             : PINCC26XX.oem3 (.bss:PinSwi)
                  20001010    00000020     (.common:PinGpioConfigTable)
                  20001030    00000020     (.common:spiParams)
                  20001050    00000020     (.common:udmaObjects)
                  20001070    0000001c     (.common:PinHwi)
                  2000108c    0000001c     (.common:PinSem)
                  200010a8    00000014     driverlib.lib : osc.obj (.bss:oscHfGlobals)
                  200010bc    00000014     (.common:spiTransaction)
                  200010d0    0000000c     TempusDisplay.obj (.bss:Rcmd2red)
                  200010dc    0000000c     Tempus.obj (.bss)
                  200010e8    0000000c     Tempus.obj (.bss:buttonPinState)
                  200010f4    0000000c     Tempus.obj (.bss:oldPinState)
                  20001100    0000000c     TempusDisplay.obj (.bss:spiPinState)
                  2000110c    00000008     rtsv7M3_T_le_eabi.lib : trgdrv.obj (.bss:parmbuf)
                  20001114    00000008     driverlib.lib : sys_ctrl.obj (.bss:powerQualGlobals)
                  2000111c    00000004     TempusDisplay.obj (.bss)
                  20001120    00000004     (.common:PIN_NumPins)
                  20001124    00000004     (.common:__dso_handle)
                  20001128    00000004     (.common:_cs)
                  2000112c    00000004     (.common:_rs)
                  20001130    00000004     (.common:_rst)
                  20001134    00000004     (.common:_sclk)
                  20001138    00000004     (.common:_sid)
                  2000113c    00000004     (.common:colstart)
                  20001140    00000004     (.common:pPinGpio)
                  20001144    00000004     (.common:rowstart)
                  20001148    00000004     (.common:spiHandle)
                  2000114c    00000001     (.common:driverlib_release_0_47020)

.data      0    20001150    00000548     UNINITIALIZED
                  20001150    00000110     drivers_cc13xxware.aem3 : PowerCC26XX.oem3 (.data:PowerCC26XX_module)
                  20001260    000000f0     rtsv7M3_T_le_eabi.lib : defs.obj (.data:_ftable)
                  20001350    000000d0                           : lowlev.obj (.data:$O1$$)
                  20001420    0000004c     Tempus_pem3.oem3 (.data:ti_sysbios_knl_Task_Object__table__V)
                  2000146c    00000004     TempusDisplay.obj (.data:CASET)
                  20001470    00000048     Tempus_pem3.oem3 (.data:ti_sysbios_family_arm_cc26xx_Timer_Object__table__V)
                  200014b8    00000038     Tempus_pem3.oem3 (.data:ti_sysbios_gates_GateMutex_Object__table__V)
                  200014f0    00000030     Tempus_pem3.oem3 (.data:ti_sysbios_knl_Swi_Module_State_0_readyQ__A)
                  20001520    00000030     Tempus_pem3.oem3 (.data:ti_sysbios_knl_Swi_Object__table__V)
                  20001550    00000020     Tempus_pem3.oem3 (.data:ti_sysbios_knl_Clock_Object__table__V)
                  20001570    00000020     Tempus_pem3.oem3 (.data:ti_sysbios_knl_Task_Module_State_0_readyQ__A)
                  20001590    00000018     Tempus_pem3.oem3 (.data:ti_sysbios_family_arm_m3_Hwi_Object__table__V)
                  200015a8    00000018     Tempus_pem3.oem3 (.data:ti_sysbios_heaps_HeapMem_Object__table__V)
                  200015c0    00000010     rtsv7M3_T_le_eabi.lib : defs.obj (.data)
                  200015d0    00000010     TempusDisplay.obj (.data:spiPinTable)
                  200015e0    0000000c     rtsv7M3_T_le_eabi.lib : exit.obj (.data:$O1$$)
                  200015ec    0000000c     Tempus.obj (.data:buttonPinTable)
                  200015f8    00000008     rtsv7M3_T_le_eabi.lib : _lock.obj (.data:$O1$$)
                  20001600    00000008     TempusDisplay.obj (.data)
                  20001608    00000008     Tempus.obj (.data:oldPinTable)
                  20001610    00000008     Tempus_pem3.oem3 (.data:ti_sysbios_family_arm_m3_Hwi_Module__root__V)
                  20001618    00000008     Tempus_pem3.oem3 (.data:ti_sysbios_gates_GateHwi_Module__root__V)
                  20001620    00000008     Tempus_pem3.oem3 (.data:ti_sysbios_gates_GateMutex_Module__root__V)
[...]
1001c245  ti_sysbios_BIOS_RtsGateProxy_enter__E                                     
1001c249  ti_sysbios_BIOS_RtsGateProxy_leave__E                                     
1001c24d  ti_sysbios_family_arm_cc26xx_Timer_getExpiredTicks__E                     
1001c251  ti_sysbios_family_arm_cc26xx_Timer_getPeriod__E                           
1001c255  ti_sysbios_family_arm_cc26xx_Timer_setPeriod__E                           
1001c259  ti_sysbios_family_arm_m3_Hwi_delete                                       
1001c25d  ti_sysbios_family_arm_m3_Hwi_destruct                                     
1001c261  ti_sysbios_family_arm_m3_TaskSupport_Module__startupDone__S               
1001c265  ti_sysbios_gates_GateHwi_query__E                                         
1001c265  xdc_runtime_System_Module_GateProxy_query__E                              
1001c269  ti_sysbios_gates_GateMutex_delete                                         
1001c26d  ti_sysbios_gates_GateMutex_destruct                                       
1001c271  ti_sysbios_BIOS_RtsGateProxy_query__E                                     
1001c271  ti_sysbios_gates_GateMutex_query__E                                       
1001c271  ti_sysbios_heaps_HeapMem_Module_GateProxy_query__E                        
1001c275  ti_sysbios_hal_Hwi_HwiProxy_Module__startupDone__S                        
1001c279  ti_sysbios_hal_Hwi_HwiProxy_delete                                        
1001c27d  ti_sysbios_hal_Hwi_HwiProxy_disableInterrupt__E                           
1001c27d  ti_sysbios_hal_Hwi_disableInterrupt__E                                    
1001c281  ti_sysbios_hal_Hwi_HwiProxy_enableInterrupt__E                            
1001c281  ti_sysbios_hal_Hwi_enableInterrupt__E                                     
1001c285  ti_sysbios_hal_Hwi_HwiProxy_getStackInfo__E                               
1001c285  ti_sysbios_hal_Hwi_getStackInfo__E                                        
1001c289  ti_sysbios_hal_Hwi_HwiProxy_startup__E                                    
1001c289  ti_sysbios_hal_Hwi_startup__E                                             
1001c28d  ti_sysbios_hal_Hwi_HwiProxy_switchFromBootStack__E                        
1001c291  ti_sysbios_hal_Hwi_delete                                                 
1001c295  ti_sysbios_hal_Hwi_switchFromBootStack__E                                 
1001c299  ti_sysbios_heaps_HeapMem_Module_GateProxy_enter__E                        
1001c29d  ti_sysbios_heaps_HeapMem_Module_GateProxy_leave__E                        
1001c2a1  ti_sysbios_heaps_HeapMem_isBlocking__E                                    
1001c2a5  ti_sysbios_knl_Clock_TimerProxy_Module__startupDone__S                    
1001c2a9  ti_sysbios_knl_Clock_TimerProxy_getExpiredTicks__E                        
1001c2ad  ti_sysbios_knl_Clock_TimerProxy_getPeriod__E                              
1001c2b1  ti_sysbios_knl_Clock_delete                                               
1001c2b5  ti_sysbios_knl_Clock_destruct                                             
1001c2b9  ti_sysbios_knl_Clock_removeI__E                                           
1001c2bd  ti_sysbios_knl_Clock_setTimeout__E                                        
1001c2c1  ti_sysbios_knl_Mailbox_delete                                             
1001c2c5  ti_sysbios_knl_Mailbox_destruct                                           
1001c2c9  ti_sysbios_knl_Queue_delete                                               
1001c2cd  ti_sysbios_knl_Queue_destruct                                             
1001c2d1  ti_sysbios_knl_Queue_head__E                                              
1001c2d5  ti_sysbios_knl_Queue_next__E                                              
1001c2d9  ti_sysbios_knl_Semaphore_delete                                           
1001c2dd  ti_sysbios_knl_Semaphore_destruct                                         
1001c2e1  ti_sysbios_knl_Swi_delete                                                 
1001c2e5  ti_sysbios_knl_Swi_destruct                                               
1001c2e9  ti_sysbios_knl_Swi_postInit__I                                            
1001c2ed  ti_sysbios_knl_Task_SupportProxy_Module__startupDone__S                   
1001c2f1  ti_sysbios_knl_Task_SupportProxy_getStackAlignment__E                     
1001c2f5  ti_sysbios_knl_Task_SupportProxy_start__E                                 
1001c2f9  ti_sysbios_knl_Task_SupportProxy_swap__E                                  
1001c2fd  ti_sysbios_knl_Task_delete                                                
1001c301  ti_sysbios_knl_Task_destruct                                              
1001c305  ti_sysbios_knl_Task_startup__E                                            
1001c309  xdc_runtime_Startup_startMods__I                                          
1001c401  xdc_runtime_Core_createObject__I                                          
1001c483  xdc_runtime_Error_policySpin__E                                           
1001c485  xdc_runtime_Memory_alloc__E                                               
1001c4f5  xdc_runtime_Core_deleteObject__I                                          
1001c555  xdc_runtime_Startup_exec__E                                               
1001c5a5  xdc_runtime_Assert_raise__I                                               
1001c5ed  xdc_runtime_Core_assignParams__I                                          
1001c635  xdc_runtime_Core_constructObject__I                                       
1001c67d  xdc_runtime_System_atexit__E                                              
1001c6b5  xdc_runtime_System_processAtExit__E                                       
1001c6e9  xdc_runtime_Core_assignLabel__I                                           
1001c719  xdc_runtime_Text_cordText__E                                              
1001c745  xdc_runtime_System_abort__E                                               
1001c765  xdc_runtime_Error_raiseX__E                                               
1001c781  xdc_runtime_Memory_valloc__E                                              
1001c79d  xdc_runtime_Core_destructObject__I                                        
1001c7b5  xdc_runtime_Error_check__E                                                
1001c7cd  xdc_runtime_System_exit__E                                                
1001c7e5  xdc_runtime_Text_ropeText__E                                              
1001c7fd  xdc_runtime_Memory_free__E                                                
1001c80d  xdc_runtime_SysCallback_abort__E                                          
1001c81d  xdc_runtime_SysCallback_exit__E                                           
1001c82d  xdc_runtime_Timestamp_SupportProxy_get32__E                               
1001c82d  xdc_runtime_Timestamp_get32__E                                            
1001c83d  xdc_runtime_Error_init__E                                                 
1001c849  xdc_runtime_Memory_calloc__E                                              
1001c855  xdc_runtime_Memory_getMaxDefaultTypeAlign__E                              
1001c875  xdc_runtime_Gate_leaveSystem__E                                           
1001c87b  xdc_runtime_System_Module_startup__E                                      
1001c881  xdc_runtime_Gate_enterSystem__E                                           
1001c885  xdc_runtime_Memory_HeapProxy_alloc__E                                     
1001c889  xdc_runtime_Memory_HeapProxy_free__E                                      
1001c88d  xdc_runtime_System_Module_GateProxy_enter__E                              
1001c891  xdc_runtime_System_Module_GateProxy_leave__E                              
1001c895  xdc_runtime_System_abortSpin__E                                           
1001c897  xdc_runtime_System_exitSpin__E                                            
1001c899  ti_sysbios_family_arm_m3_Hwi_dispatch__I                                  
1001c969  ti_sysbios_family_arm_m3_TaskSupport_buildTaskStack                       
1001c9b5  ti_sysbios_family_arm_m3_Hwi_initStacks__E                                
1001c9fd  ti_sysbios_family_arm_m3_Hwi_excHandlerAsm__I                             
1001ca1d  ti_sysbios_family_xxx_Hwi_switchAndRunFunc                                
1001ca3b  ti_sysbios_family_arm_m3_Hwi_pendSV__I                                    
1001ca53  ti_sysbios_family_arm_m3_Hwi_return                                       
1001ca55  ti_sysbios_family_arm_m3_TaskSupport_glue                                 
1001ca65  ti_sysbios_family_arm_m3_TaskSupport_swap__E                              
1001ca6d  ti_sysbios_knl_Task_swapReturn                                            
1001ca97  ti_sysbios_rom_cortexm_cc13xx_CC13xx_getRevision__E                       
20000000  ti_sysbios_family_arm_m3_Hwi_ramVectors                                   
20000100  ti_sysbios_knl_Task_Module__state__V                                      
20000144  ti_sysbios_family_arm_m3_Hwi_Module__state__V                             
20000178  ti_sysbios_knl_Clock_Module__state__V                                     
200001a4  ti_sysbios_BIOS_Module__state__V                                          
200001c8  ti_sysbios_knl_Swi_Module__state__V                                       
200001e4  ti_sysbios_family_arm_cc26xx_Timer_Module__state__V                       
200001ec  ti_sysbios_family_arm_cc26xx_TimestampProvider_Module__state__V           
200001f0  xdc_runtime_Startup_Module__state__V                                      
200001f8  xdc_runtime_System_Module__state__V                                       
20000200  xdc_runtime_Memory_Module__state__V                                       
20000520  ti_sysbios_heaps_HeapMem_Instance_State_0_buf__A                          
20000920  ti_sysbios_knl_Task_Instance_State_0_stack__A                             
20000b20  spiCC26XXDMAObjects                                                       
20000cd8  __CIOBUF_                                                                 
20000df8  ti_sysbios_family_arm_m3_Hwi_dispatchTable                                
20000ec0  __TI_tmpnams                                                              
20000f60  PIN_HandleTable                                                           
20001030  spiParams                                                                 
20001050  udmaObjects                                                               
200010bc  spiTransaction                                                            
200010d0  Rcmd2red                                                                  
200010dc  tft                                                                       
20001120  PIN_NumPins                                                               
20001124  __dso_handle                                                              
20001128  _cs                                                                       
2000112c  _rs                                                                       
20001130  _rst                                                                      
20001134  _sclk                                                                     
20001138  _sid                                                                      
2000113c  colstart                                                                  
20001144  rowstart                                                                  
20001148  spiHandle                                                                 
2000114c  driverlib_release_0_47020                                                 
20001150  PowerCC26XX_module                                                        
20001260  _ftable                                                                   
20001420  ti_sysbios_knl_Task_Object__table__V                                      
2000146c  CASET                                                                     
20001470  ti_sysbios_family_arm_cc26xx_Timer_Object__table__V                       
200014b8  ti_sysbios_gates_GateMutex_Object__table__V                               
200014f0  ti_sysbios_knl_Swi_Module_State_0_readyQ__A                               
20001520  ti_sysbios_knl_Swi_Object__table__V                                       
20001550  ti_sysbios_knl_Clock_Object__table__V                                     
20001570  ti_sysbios_knl_Task_Module_State_0_readyQ__A                              
20001590  ti_sysbios_family_arm_m3_Hwi_Object__table__V                             
200015a8  ti_sysbios_heaps_HeapMem_Object__table__V                                 
200015c0  __TI_ft_end                                                               
200015c4  __aeabi_stdin                                                             
200015c8  __aeabi_stdout                                                            
200015cc  __aeabi_stderr                                                            
200015d0  spiPinTable                                                               
200015e0  __TI_cleanup_ptr                                                          
200015e4  __TI_dtors_ptr                                                            
200015e8  __TI_enable_exit_profile_output                                           
200015ec  buttonPinTable                                                            
200015f8  _lock                                                                     
200015fc  _unlock                                                                   
20001600  _width                                                                    
20001604  _height                                                                   
20001608  oldPinTable                                                               
20001610  ti_sysbios_family_arm_m3_Hwi_Module__root__V                              
20001618  ti_sysbios_gates_GateHwi_Module__root__V                                  
20001620  ti_sysbios_gates_GateMutex_Module__root__V                                
20001628  ti_sysbios_hal_Hwi_Module__root__V                                        
20001630  ti_sysbios_heaps_HeapMem_Module__root__V                                  
20001638  ti_sysbios_knl_Clock_Module__root__V                                      
20001640  ti_sysbios_knl_Mailbox_Module__root__V                                    
20001648  ti_sysbios_knl_Queue_Module__root__V                                      
20001650  ti_sysbios_knl_Semaphore_Module__root__V                                  
20001658  ti_sysbios_knl_Swi_Module__root__V                                        
20001660  ti_sysbios_knl_Task_Module__root__V                                       
20001668  xdc_runtime_Registry_Module__state__V                                     
20001670  RASET                                                                     
20001680  main_func_sp                                                              
20001684  _new_handler                                                              
20001688  ti_sysbios_family_arm_m3_Hwi_Module_State_0_excContext__A                 
2000168c  ti_sysbios_family_arm_m3_Hwi_Module_State_0_excStack__A                   
20001690  ti_sysbios_knl_Task_Module_State_0_idleTask__A                            
20001694  inLoop                                                                    
20001695  b                                                                         
20001696  ti_sysbios_family_arm_m3_Hwi_Module_State_0_excActive__A                  
20004d00  __stack                                                                   
20005000  __STACK_END                                                               
e000e000  ti_sysbios_family_arm_m3_Hwi_nvic                                         
ffffffff  __TI_pprof_out_hndl                                                       
ffffffff  __TI_prof_data_size                                                       
ffffffff  __TI_prof_data_start                                                      
ffffffff  __binit__                                                                 
ffffffff  __c_args__                                                                
ffffffff  binit                                                                     
UNDEFED   HwiP_restore                                                              
UNDEFED   ti_sysbios_BIOS_RtsGateProxy_Handle__label__S__mangled__                  
UNDEFED   ti_sysbios_BIOS_RtsGateProxy_Object__delete__S__mangled__                 
UNDEFED   ti_sysbios_BIOS_RtsGateProxy_Params__init__S__mangled__                   
UNDEFED   ti_sysbios_BIOS_RtsGateProxy_query__E__mangled__                          
UNDEFED   ti_sysbios_hal_Hwi_HwiProxy_Module__startupDone__S__mangled__             
UNDEFED   ti_sysbios_hal_Hwi_HwiProxy_Object__delete__S__mangled__                  
UNDEFED   ti_sysbios_hal_Hwi_HwiProxy_Params__init__S__mangled__                    
UNDEFED   ti_sysbios_hal_Hwi_HwiProxy_disableInterrupt__E__mangled__                
UNDEFED   ti_sysbios_hal_Hwi_HwiProxy_enableInterrupt__E__mangled__                 
UNDEFED   ti_sysbios_hal_Hwi_HwiProxy_getStackInfo__E__mangled__                    
UNDEFED   ti_sysbios_hal_Hwi_HwiProxy_startup__E__mangled__                         
UNDEFED   ti_sysbios_hal_Hwi_HwiProxy_switchFromBootStack__E__mangled__             
UNDEFED   ti_sysbios_hal_Hwi_disableInterrupt__E                                    
UNDEFED   ti_sysbios_hal_Hwi_enableInterrupt__E                                     
UNDEFED   ti_sysbios_hal_Hwi_getStackInfo__E                                        
UNDEFED   ti_sysbios_hal_Hwi_startup__E                                             
UNDEFED   ti_sysbios_hal_Hwi_switchFromBootStack__E                                 
UNDEFED   ti_sysbios_heaps_HeapMem_Module_GateProxy_Handle__label__S__mangled__     
UNDEFED   ti_sysbios_heaps_HeapMem_Module_GateProxy_Object__delete__S__mangled__    
UNDEFED   ti_sysbios_heaps_HeapMem_Module_GateProxy_Params__init__S__mangled__      
UNDEFED   ti_sysbios_heaps_HeapMem_Module_GateProxy_query__E__mangled__             
UNDEFED   ti_sysbios_knl_Clock_TimerProxy_Module__startupDone__S__mangled__         
UNDEFED   ti_sysbios_knl_Clock_TimerProxy_startup__E__mangled__                     
UNDEFED   ti_sysbios_knl_Task_SupportProxy_Module__startupDone__S__mangled__        
UNDEFED   ti_sysbios_knl_Task_SupportProxy_getStackAlignment__E__mangled__          
UNDEFED   ti_sysbios_knl_Task_SupportProxy_start__E__mangled__                      
UNDEFED   ti_sysbios_knl_Task_SupportProxy_swap__E__mangled__                       
UNDEFED   xdc_runtime_Main_Module_GateProxy_Handle__label__S                        
UNDEFED   xdc_runtime_Main_Module_GateProxy_Object__delete__S                       
UNDEFED   xdc_runtime_Main_Module_GateProxy_query__E                                
UNDEFED   xdc_runtime_Memory_HeapProxy_Handle__label__S__mangled__                  
UNDEFED   xdc_runtime_Memory_HeapProxy_Object__delete__S__mangled__                 
UNDEFED   xdc_runtime_System_Module_GateProxy_Handle__label__S__mangled__           
UNDEFED   xdc_runtime_System_Module_GateProxy_Object__delete__S__mangled__          
UNDEFED   xdc_runtime_System_Module_GateProxy_query__E__mangled__                   
UNDEFED   xdc_runtime_Timestamp_SupportProxy_get64__E__mangled__                    
UNDEFED   xdc_runtime_Timestamp_SupportProxy_getFreq__E__mangled__                  
UNDEFED   xdc_runtime_Timestamp_get32__E                                            
UNDEFED   xdc_runtime_Timestamp_get64__E                                            
UNDEFED   xdc_runtime_Timestamp_getFreq__E                                          

[861 symbols]
